[0.076s] Invoking command in '/github/ros2odometry/bumperbot_ws/build/bumperbot_controller': CMAKE_PREFIX_PATH=${CMAKE_PREFIX_PATH}:/github/ros2odometry/bumperbot_ws/install/bumperbot_py_examples:/opt/ros/humble /usr/bin/cmake --build /github/ros2odometry/bumperbot_ws/build/bumperbot_controller -- -j16 -l16
[0.302s] -- Found ament_cmake: 1.3.11 (/opt/ros/humble/share/ament_cmake/cmake)
[1.064s] -- Found Python3: /usr/bin/python3 (found version "3.10.12") found components: Interpreter 
[1.496s] -- Configuring done
[1.575s] -- Generating done
[1.589s] -- Build files have been written to: /github/ros2odometry/bumperbot_ws/build/bumperbot_controller
[1.730s] Invoked command in '/github/ros2odometry/bumperbot_ws/build/bumperbot_controller' returned '0': CMAKE_PREFIX_PATH=${CMAKE_PREFIX_PATH}:/github/ros2odometry/bumperbot_ws/install/bumperbot_py_examples:/opt/ros/humble /usr/bin/cmake --build /github/ros2odometry/bumperbot_ws/build/bumperbot_controller -- -j16 -l16
[2.102s] Invoking command in '/github/ros2odometry/bumperbot_ws/build/bumperbot_controller': CMAKE_PREFIX_PATH=${CMAKE_PREFIX_PATH}:/github/ros2odometry/bumperbot_ws/install/bumperbot_py_examples:/opt/ros/humble /usr/bin/cmake --install /github/ros2odometry/bumperbot_ws/build/bumperbot_controller
[2.158s] -- Install configuration: ""
[2.159s] -- Up-to-date: /github/ros2odometry/bumperbot_ws/install/bumperbot_controller/share/bumperbot_controller/config
[2.160s] -- Up-to-date: /github/ros2odometry/bumperbot_ws/install/bumperbot_controller/share/bumperbot_controller/config/bumperbot_controllers.yaml
[2.161s] -- Installing: /github/ros2odometry/bumperbot_ws/install/bumperbot_controller/share/bumperbot_controller/launch
[2.162s] -- Installing: /github/ros2odometry/bumperbot_ws/install/bumperbot_controller/share/bumperbot_controller/launch/controller.launch.py
[2.170s] -- Installing: /github/ros2odometry/bumperbot_ws/install/bumperbot_controller/share/ament_index/resource_index/package_run_dependencies/bumperbot_controller
[2.174s] -- Installing: /github/ros2odometry/bumperbot_ws/install/bumperbot_controller/share/ament_index/resource_index/parent_prefix_path/bumperbot_controller
[2.178s] -- Installing: /github/ros2odometry/bumperbot_ws/install/bumperbot_controller/share/bumperbot_controller/environment/ament_prefix_path.sh
[2.182s] -- Installing: /github/ros2odometry/bumperbot_ws/install/bumperbot_controller/share/bumperbot_controller/environment/ament_prefix_path.dsv
[2.184s] -- Installing: /github/ros2odometry/bumperbot_ws/install/bumperbot_controller/share/bumperbot_controller/environment/path.sh
[2.191s] -- Installing: /github/ros2odometry/bumperbot_ws/install/bumperbot_controller/share/bumperbot_controller/environment/path.dsv
[2.193s] -- Up-to-date: /github/ros2odometry/bumperbot_ws/install/bumperbot_controller/share/bumperbot_controller/local_setup.bash
[2.193s] -- Up-to-date: /github/ros2odometry/bumperbot_ws/install/bumperbot_controller/share/bumperbot_controller/local_setup.sh
[2.194s] -- Up-to-date: /github/ros2odometry/bumperbot_ws/install/bumperbot_controller/share/bumperbot_controller/local_setup.zsh
[2.195s] -- Installing: /github/ros2odometry/bumperbot_ws/install/bumperbot_controller/share/bumperbot_controller/local_setup.dsv
[2.201s] -- Installing: /github/ros2odometry/bumperbot_ws/install/bumperbot_controller/share/bumperbot_controller/package.dsv
[2.203s] -- Up-to-date: /github/ros2odometry/bumperbot_ws/install/bumperbot_controller/share/ament_index/resource_index/packages/bumperbot_controller
[2.205s] -- Up-to-date: /github/ros2odometry/bumperbot_ws/install/bumperbot_controller/share/bumperbot_controller/cmake/bumperbot_controllerConfig.cmake
[2.206s] -- Up-to-date: /github/ros2odometry/bumperbot_ws/install/bumperbot_controller/share/bumperbot_controller/cmake/bumperbot_controllerConfig-version.cmake
[2.207s] -- Installing: /github/ros2odometry/bumperbot_ws/install/bumperbot_controller/share/bumperbot_controller/package.xml
[2.253s] Invoked command in '/github/ros2odometry/bumperbot_ws/build/bumperbot_controller' returned '0': CMAKE_PREFIX_PATH=${CMAKE_PREFIX_PATH}:/github/ros2odometry/bumperbot_ws/install/bumperbot_py_examples:/opt/ros/humble /usr/bin/cmake --install /github/ros2odometry/bumperbot_ws/build/bumperbot_controller
