[0.899s] DEBUG:colcon:Command line arguments: ['/usr/bin/colcon', 'build']
[0.901s] DEBUG:colcon:Parsed command line arguments: Namespace(log_base=None, log_level=None, verb_name='build', build_base='build', install_base='install', merge_install=False, symlink_install=False, test_result_base=None, continue_on_error=False, executor='parallel', parallel_workers=16, event_handlers=None, ignore_user_meta=False, metas=['./colcon.meta'], base_paths=['.'], packages_ignore=None, packages_ignore_regex=None, paths=None, packages_up_to=None, packages_up_to_regex=None, packages_above=None, packages_above_and_dependencies=None, packages_above_depth=None, packages_select_by_dep=None, packages_skip_by_dep=None, packages_skip_up_to=None, packages_select_build_failed=False, packages_skip_build_finished=False, packages_select_test_failures=False, packages_skip_test_passed=False, packages_select=None, packages_skip=None, packages_select_regex=None, packages_skip_regex=None, packages_start=None, packages_end=None, allow_overriding=[], cmake_args=None, cmake_target=None, cmake_target_skip_unavailable=False, cmake_clean_cache=False, cmake_clean_first=False, cmake_force_configure=False, ament_cmake_args=None, catkin_cmake_args=None, catkin_skip_building_tests=False, verb_parser=<colcon_defaults.argument_parser.defaults.DefaultArgumentsDecorator object at 0x7ffffdebbfd0>, verb_extension=<colcon_core.verb.build.BuildVerb object at 0x7ffffe526e30>, main=<bound method BuildVerb.main of <colcon_core.verb.build.BuildVerb object at 0x7ffffe526e30>>)
[0.944s] Level 1:colcon.colcon_core.package_discovery:discover_packages(colcon_meta) check parameters
[0.944s] Level 1:colcon.colcon_core.package_discovery:discover_packages(recursive) check parameters
[0.945s] Level 1:colcon.colcon_core.package_discovery:discover_packages(ignore) check parameters
[0.945s] Level 1:colcon.colcon_core.package_discovery:discover_packages(path) check parameters
[0.945s] Level 1:colcon.colcon_core.package_discovery:discover_packages(colcon_meta) discover
[0.945s] Level 1:colcon.colcon_core.package_discovery:discover_packages(recursive) discover
[0.945s] INFO:colcon.colcon_core.package_discovery:Crawling recursively for packages in '/github/ros2odometry/bumperbot_ws'
[0.946s] Level 1:colcon.colcon_core.package_identification:_identify(.) by extensions ['ignore', 'ignore_ament_install']
[0.946s] Level 1:colcon.colcon_core.package_identification:_identify(.) by extension 'ignore'
[0.947s] Level 1:colcon.colcon_core.package_identification:_identify(.) by extension 'ignore_ament_install'
[0.947s] Level 1:colcon.colcon_core.package_identification:_identify(.) by extensions ['colcon_pkg']
[0.947s] Level 1:colcon.colcon_core.package_identification:_identify(.) by extension 'colcon_pkg'
[0.947s] Level 1:colcon.colcon_core.package_identification:_identify(.) by extensions ['colcon_meta']
[0.947s] Level 1:colcon.colcon_core.package_identification:_identify(.) by extension 'colcon_meta'
[0.947s] Level 1:colcon.colcon_core.package_identification:_identify(.) by extensions ['ros']
[0.947s] Level 1:colcon.colcon_core.package_identification:_identify(.) by extension 'ros'
[0.958s] Level 1:colcon.colcon_core.package_identification:_identify(.) by extensions ['cmake', 'python']
[0.958s] Level 1:colcon.colcon_core.package_identification:_identify(.) by extension 'cmake'
[0.959s] Level 1:colcon.colcon_core.package_identification:_identify(.) by extension 'python'
[0.959s] Level 1:colcon.colcon_core.package_identification:_identify(.) by extensions ['python_setup_py']
[0.959s] Level 1:colcon.colcon_core.package_identification:_identify(.) by extension 'python_setup_py'
[0.959s] Level 1:colcon.colcon_core.package_identification:_identify(build) by extensions ['ignore', 'ignore_ament_install']
[0.960s] Level 1:colcon.colcon_core.package_identification:_identify(build) by extension 'ignore'
[0.960s] Level 1:colcon.colcon_core.package_identification:_identify(build) ignored
[0.961s] Level 1:colcon.colcon_core.package_identification:_identify(install) by extensions ['ignore', 'ignore_ament_install']
[0.962s] Level 1:colcon.colcon_core.package_identification:_identify(install) by extension 'ignore'
[0.962s] Level 1:colcon.colcon_core.package_identification:_identify(install) ignored
[0.963s] Level 1:colcon.colcon_core.package_identification:_identify(log) by extensions ['ignore', 'ignore_ament_install']
[0.963s] Level 1:colcon.colcon_core.package_identification:_identify(log) by extension 'ignore'
[0.963s] Level 1:colcon.colcon_core.package_identification:_identify(log) ignored
[0.964s] Level 1:colcon.colcon_core.package_identification:_identify(src) by extensions ['ignore', 'ignore_ament_install']
[0.964s] Level 1:colcon.colcon_core.package_identification:_identify(src) by extension 'ignore'
[0.964s] Level 1:colcon.colcon_core.package_identification:_identify(src) by extension 'ignore_ament_install'
[0.964s] Level 1:colcon.colcon_core.package_identification:_identify(src) by extensions ['colcon_pkg']
[0.964s] Level 1:colcon.colcon_core.package_identification:_identify(src) by extension 'colcon_pkg'
[0.965s] Level 1:colcon.colcon_core.package_identification:_identify(src) by extensions ['colcon_meta']
[0.965s] Level 1:colcon.colcon_core.package_identification:_identify(src) by extension 'colcon_meta'
[0.965s] Level 1:colcon.colcon_core.package_identification:_identify(src) by extensions ['ros']
[0.965s] Level 1:colcon.colcon_core.package_identification:_identify(src) by extension 'ros'
[0.965s] Level 1:colcon.colcon_core.package_identification:_identify(src) by extensions ['cmake', 'python']
[0.965s] Level 1:colcon.colcon_core.package_identification:_identify(src) by extension 'cmake'
[0.966s] Level 1:colcon.colcon_core.package_identification:_identify(src) by extension 'python'
[0.966s] Level 1:colcon.colcon_core.package_identification:_identify(src) by extensions ['python_setup_py']
[0.966s] Level 1:colcon.colcon_core.package_identification:_identify(src) by extension 'python_setup_py'
[0.967s] Level 1:colcon.colcon_core.package_identification:_identify(src/bumperbot_cpp_examples) by extensions ['ignore', 'ignore_ament_install']
[0.967s] Level 1:colcon.colcon_core.package_identification:_identify(src/bumperbot_cpp_examples) by extension 'ignore'
[0.967s] Level 1:colcon.colcon_core.package_identification:_identify(src/bumperbot_cpp_examples) by extension 'ignore_ament_install'
[0.967s] Level 1:colcon.colcon_core.package_identification:_identify(src/bumperbot_cpp_examples) by extensions ['colcon_pkg']
[0.967s] Level 1:colcon.colcon_core.package_identification:_identify(src/bumperbot_cpp_examples) by extension 'colcon_pkg'
[0.967s] Level 1:colcon.colcon_core.package_identification:_identify(src/bumperbot_cpp_examples) by extensions ['colcon_meta']
[0.968s] Level 1:colcon.colcon_core.package_identification:_identify(src/bumperbot_cpp_examples) by extension 'colcon_meta'
[0.968s] Level 1:colcon.colcon_core.package_identification:_identify(src/bumperbot_cpp_examples) by extensions ['ros']
[0.968s] Level 1:colcon.colcon_core.package_identification:_identify(src/bumperbot_cpp_examples) by extension 'ros'
[0.975s] DEBUG:colcon.colcon_core.package_identification:Package 'src/bumperbot_cpp_examples' with type 'ros.ament_cmake' and name 'bumperbot_cpp_examples'
[0.975s] Level 1:colcon.colcon_core.package_identification:_identify(src/bumperbot_description) by extensions ['ignore', 'ignore_ament_install']
[0.976s] Level 1:colcon.colcon_core.package_identification:_identify(src/bumperbot_description) by extension 'ignore'
[0.976s] Level 1:colcon.colcon_core.package_identification:_identify(src/bumperbot_description) by extension 'ignore_ament_install'
[0.976s] Level 1:colcon.colcon_core.package_identification:_identify(src/bumperbot_description) by extensions ['colcon_pkg']
[0.976s] Level 1:colcon.colcon_core.package_identification:_identify(src/bumperbot_description) by extension 'colcon_pkg'
[0.976s] Level 1:colcon.colcon_core.package_identification:_identify(src/bumperbot_description) by extensions ['colcon_meta']
[0.976s] Level 1:colcon.colcon_core.package_identification:_identify(src/bumperbot_description) by extension 'colcon_meta'
[0.977s] Level 1:colcon.colcon_core.package_identification:_identify(src/bumperbot_description) by extensions ['ros']
[0.977s] Level 1:colcon.colcon_core.package_identification:_identify(src/bumperbot_description) by extension 'ros'
[0.978s] DEBUG:colcon.colcon_core.package_identification:Package 'src/bumperbot_description' with type 'ros.ament_cmake' and name 'bumperbot_description'
[0.978s] Level 1:colcon.colcon_core.package_identification:_identify(src/bumperbot_py_examples) by extensions ['ignore', 'ignore_ament_install']
[0.978s] Level 1:colcon.colcon_core.package_identification:_identify(src/bumperbot_py_examples) by extension 'ignore'
[0.979s] Level 1:colcon.colcon_core.package_identification:_identify(src/bumperbot_py_examples) by extension 'ignore_ament_install'
[0.979s] Level 1:colcon.colcon_core.package_identification:_identify(src/bumperbot_py_examples) by extensions ['colcon_pkg']
[0.979s] Level 1:colcon.colcon_core.package_identification:_identify(src/bumperbot_py_examples) by extension 'colcon_pkg'
[0.979s] Level 1:colcon.colcon_core.package_identification:_identify(src/bumperbot_py_examples) by extensions ['colcon_meta']
[0.979s] Level 1:colcon.colcon_core.package_identification:_identify(src/bumperbot_py_examples) by extension 'colcon_meta'
[0.979s] Level 1:colcon.colcon_core.package_identification:_identify(src/bumperbot_py_examples) by extensions ['ros']
[0.979s] Level 1:colcon.colcon_core.package_identification:_identify(src/bumperbot_py_examples) by extension 'ros'
[0.980s] DEBUG:colcon.colcon_core.package_identification:Package 'src/bumperbot_py_examples' with type 'ros.ament_python' and name 'bumperbot_py_examples'
[0.980s] Level 1:colcon.colcon_core.package_discovery:discover_packages(recursive) using defaults
[0.980s] Level 1:colcon.colcon_core.package_discovery:discover_packages(ignore) discover
[0.980s] Level 1:colcon.colcon_core.package_discovery:discover_packages(ignore) using defaults
[0.980s] Level 1:colcon.colcon_core.package_discovery:discover_packages(path) discover
[0.980s] Level 1:colcon.colcon_core.package_discovery:discover_packages(path) using defaults
[1.060s] Level 1:colcon.colcon_core.package_discovery:discover_packages(prefix_path) check parameters
[1.061s] Level 1:colcon.colcon_core.package_discovery:discover_packages(prefix_path) discover
[1.091s] DEBUG:colcon.colcon_installed_package_information.package_discovery:Found 4 installed packages in /github/ros2odometry/bumperbot_ws/install
[1.104s] DEBUG:colcon.colcon_installed_package_information.package_discovery:Found 375 installed packages in /opt/ros/humble
[1.106s] Level 1:colcon.colcon_core.package_discovery:discover_packages(prefix_path) using defaults
[1.206s] Level 5:colcon.colcon_core.verb:set package 'bumperbot_cpp_examples' build argument 'cmake_args' from command line to 'None'
[1.206s] Level 5:colcon.colcon_core.verb:set package 'bumperbot_cpp_examples' build argument 'cmake_target' from command line to 'None'
[1.206s] Level 5:colcon.colcon_core.verb:set package 'bumperbot_cpp_examples' build argument 'cmake_target_skip_unavailable' from command line to 'False'
[1.207s] Level 5:colcon.colcon_core.verb:set package 'bumperbot_cpp_examples' build argument 'cmake_clean_cache' from command line to 'False'
[1.207s] Level 5:colcon.colcon_core.verb:set package 'bumperbot_cpp_examples' build argument 'cmake_clean_first' from command line to 'False'
[1.207s] Level 5:colcon.colcon_core.verb:set package 'bumperbot_cpp_examples' build argument 'cmake_force_configure' from command line to 'False'
[1.207s] Level 5:colcon.colcon_core.verb:set package 'bumperbot_cpp_examples' build argument 'ament_cmake_args' from command line to 'None'
[1.207s] Level 5:colcon.colcon_core.verb:set package 'bumperbot_cpp_examples' build argument 'catkin_cmake_args' from command line to 'None'
[1.207s] Level 5:colcon.colcon_core.verb:set package 'bumperbot_cpp_examples' build argument 'catkin_skip_building_tests' from command line to 'False'
[1.207s] DEBUG:colcon.colcon_core.verb:Building package 'bumperbot_cpp_examples' with the following arguments: {'ament_cmake_args': None, 'build_base': '/github/ros2odometry/bumperbot_ws/build/bumperbot_cpp_examples', 'catkin_cmake_args': None, 'catkin_skip_building_tests': False, 'cmake_args': None, 'cmake_clean_cache': False, 'cmake_clean_first': False, 'cmake_force_configure': False, 'cmake_target': None, 'cmake_target_skip_unavailable': False, 'install_base': '/github/ros2odometry/bumperbot_ws/install/bumperbot_cpp_examples', 'merge_install': False, 'path': '/github/ros2odometry/bumperbot_ws/src/bumperbot_cpp_examples', 'symlink_install': False, 'test_result_base': None}
[1.219s] Level 5:colcon.colcon_core.verb:set package 'bumperbot_description' build argument 'cmake_args' from command line to 'None'
[1.219s] Level 5:colcon.colcon_core.verb:set package 'bumperbot_description' build argument 'cmake_target' from command line to 'None'
[1.219s] Level 5:colcon.colcon_core.verb:set package 'bumperbot_description' build argument 'cmake_target_skip_unavailable' from command line to 'False'
[1.219s] Level 5:colcon.colcon_core.verb:set package 'bumperbot_description' build argument 'cmake_clean_cache' from command line to 'False'
[1.220s] Level 5:colcon.colcon_core.verb:set package 'bumperbot_description' build argument 'cmake_clean_first' from command line to 'False'
[1.220s] Level 5:colcon.colcon_core.verb:set package 'bumperbot_description' build argument 'cmake_force_configure' from command line to 'False'
[1.220s] Level 5:colcon.colcon_core.verb:set package 'bumperbot_description' build argument 'ament_cmake_args' from command line to 'None'
[1.220s] Level 5:colcon.colcon_core.verb:set package 'bumperbot_description' build argument 'catkin_cmake_args' from command line to 'None'
[1.220s] Level 5:colcon.colcon_core.verb:set package 'bumperbot_description' build argument 'catkin_skip_building_tests' from command line to 'False'
[1.220s] DEBUG:colcon.colcon_core.verb:Building package 'bumperbot_description' with the following arguments: {'ament_cmake_args': None, 'build_base': '/github/ros2odometry/bumperbot_ws/build/bumperbot_description', 'catkin_cmake_args': None, 'catkin_skip_building_tests': False, 'cmake_args': None, 'cmake_clean_cache': False, 'cmake_clean_first': False, 'cmake_force_configure': False, 'cmake_target': None, 'cmake_target_skip_unavailable': False, 'install_base': '/github/ros2odometry/bumperbot_ws/install/bumperbot_description', 'merge_install': False, 'path': '/github/ros2odometry/bumperbot_ws/src/bumperbot_description', 'symlink_install': False, 'test_result_base': None}
[1.232s] Level 5:colcon.colcon_core.verb:set package 'bumperbot_py_examples' build argument 'cmake_args' from command line to 'None'
[1.232s] Level 5:colcon.colcon_core.verb:set package 'bumperbot_py_examples' build argument 'cmake_target' from command line to 'None'
[1.232s] Level 5:colcon.colcon_core.verb:set package 'bumperbot_py_examples' build argument 'cmake_target_skip_unavailable' from command line to 'False'
[1.232s] Level 5:colcon.colcon_core.verb:set package 'bumperbot_py_examples' build argument 'cmake_clean_cache' from command line to 'False'
[1.233s] Level 5:colcon.colcon_core.verb:set package 'bumperbot_py_examples' build argument 'cmake_clean_first' from command line to 'False'
[1.233s] Level 5:colcon.colcon_core.verb:set package 'bumperbot_py_examples' build argument 'cmake_force_configure' from command line to 'False'
[1.233s] Level 5:colcon.colcon_core.verb:set package 'bumperbot_py_examples' build argument 'ament_cmake_args' from command line to 'None'
[1.233s] Level 5:colcon.colcon_core.verb:set package 'bumperbot_py_examples' build argument 'catkin_cmake_args' from command line to 'None'
[1.233s] Level 5:colcon.colcon_core.verb:set package 'bumperbot_py_examples' build argument 'catkin_skip_building_tests' from command line to 'False'
[1.233s] DEBUG:colcon.colcon_core.verb:Building package 'bumperbot_py_examples' with the following arguments: {'ament_cmake_args': None, 'build_base': '/github/ros2odometry/bumperbot_ws/build/bumperbot_py_examples', 'catkin_cmake_args': None, 'catkin_skip_building_tests': False, 'cmake_args': None, 'cmake_clean_cache': False, 'cmake_clean_first': False, 'cmake_force_configure': False, 'cmake_target': None, 'cmake_target_skip_unavailable': False, 'install_base': '/github/ros2odometry/bumperbot_ws/install/bumperbot_py_examples', 'merge_install': False, 'path': '/github/ros2odometry/bumperbot_ws/src/bumperbot_py_examples', 'symlink_install': False, 'test_result_base': None}
[1.245s] INFO:colcon.colcon_core.executor:Executing jobs using 'parallel' executor
[1.263s] DEBUG:colcon.colcon_parallel_executor.executor.parallel:run_until_complete
[1.264s] INFO:colcon.colcon_ros.task.ament_cmake.build:Building ROS package in '/github/ros2odometry/bumperbot_ws/src/bumperbot_cpp_examples' with build type 'ament_cmake'
[1.265s] INFO:colcon.colcon_cmake.task.cmake.build:Building CMake package in '/github/ros2odometry/bumperbot_ws/src/bumperbot_cpp_examples'
[1.280s] INFO:colcon.colcon_core.plugin_system:Skipping extension 'colcon_core.shell.bat': Not used on non-Windows systems
[1.281s] INFO:colcon.colcon_core.shell:Skip shell extension 'powershell' for command environment: Not usable outside of PowerShell
[1.281s] DEBUG:colcon.colcon_core.shell:Skip shell extension 'dsv' for command environment
[1.331s] INFO:colcon.colcon_ros.task.ament_cmake.build:Building ROS package in '/github/ros2odometry/bumperbot_ws/src/bumperbot_description' with build type 'ament_cmake'
[1.333s] INFO:colcon.colcon_cmake.task.cmake.build:Building CMake package in '/github/ros2odometry/bumperbot_ws/src/bumperbot_description'
[1.349s] INFO:colcon.colcon_core.shell:Skip shell extension 'powershell' for command environment: Not usable outside of PowerShell
[1.349s] DEBUG:colcon.colcon_core.shell:Skip shell extension 'dsv' for command environment
[1.396s] INFO:colcon.colcon_ros.task.ament_python.build:Building ROS package in '/github/ros2odometry/bumperbot_ws/src/bumperbot_py_examples' with build type 'ament_python'
[1.396s] Level 1:colcon.colcon_core.shell:create_environment_hook('bumperbot_py_examples', 'ament_prefix_path')
[1.416s] INFO:colcon.colcon_core.shell:Creating environment hook '/github/ros2odometry/bumperbot_ws/install/bumperbot_py_examples/share/bumperbot_py_examples/hook/ament_prefix_path.ps1'
[1.424s] INFO:colcon.colcon_core.shell:Creating environment descriptor '/github/ros2odometry/bumperbot_ws/install/bumperbot_py_examples/share/bumperbot_py_examples/hook/ament_prefix_path.dsv'
[1.425s] INFO:colcon.colcon_core.shell:Creating environment hook '/github/ros2odometry/bumperbot_ws/install/bumperbot_py_examples/share/bumperbot_py_examples/hook/ament_prefix_path.sh'
[1.444s] INFO:colcon.colcon_core.shell:Skip shell extension 'powershell' for command environment: Not usable outside of PowerShell
[1.444s] DEBUG:colcon.colcon_core.shell:Skip shell extension 'dsv' for command environment
[1.525s] DEBUG:colcon.colcon_core.event_handler.log_command:Invoking command in '/github/ros2odometry/bumperbot_ws/build/bumperbot_cpp_examples': CMAKE_PREFIX_PATH=${CMAKE_PREFIX_PATH}:/github/ros2odometry/bumperbot_ws/install/bumperbot_py_examples:/opt/ros/humble /usr/bin/cmake --build /github/ros2odometry/bumperbot_ws/build/bumperbot_cpp_examples -- -j16 -l16
[1.540s] DEBUG:colcon.colcon_core.event_handler.log_command:Invoking command in '/github/ros2odometry/bumperbot_ws/build/bumperbot_description': CMAKE_PREFIX_PATH=${CMAKE_PREFIX_PATH}:/github/ros2odometry/bumperbot_ws/install/bumperbot_py_examples:/opt/ros/humble /usr/bin/cmake --build /github/ros2odometry/bumperbot_ws/build/bumperbot_description -- -j16 -l16
[2.001s] INFO:colcon.colcon_core.task.python.build:Building Python package in '/github/ros2odometry/bumperbot_ws/src/bumperbot_py_examples'
[2.014s] INFO:colcon.colcon_core.shell:Skip shell extension 'powershell' for command environment: Not usable outside of PowerShell
[2.015s] DEBUG:colcon.colcon_core.shell:Skip shell extension 'dsv' for command environment
[2.079s] DEBUG:colcon.colcon_core.event_handler.log_command:Invoked command in '/github/ros2odometry/bumperbot_ws/build/bumperbot_cpp_examples' returned '0': CMAKE_PREFIX_PATH=${CMAKE_PREFIX_PATH}:/github/ros2odometry/bumperbot_ws/install/bumperbot_py_examples:/opt/ros/humble /usr/bin/cmake --build /github/ros2odometry/bumperbot_ws/build/bumperbot_cpp_examples -- -j16 -l16
[2.088s] DEBUG:colcon.colcon_core.event_handler.log_command:Invoked command in '/github/ros2odometry/bumperbot_ws/build/bumperbot_description' returned '0': CMAKE_PREFIX_PATH=${CMAKE_PREFIX_PATH}:/github/ros2odometry/bumperbot_ws/install/bumperbot_py_examples:/opt/ros/humble /usr/bin/cmake --build /github/ros2odometry/bumperbot_ws/build/bumperbot_description -- -j16 -l16
[2.519s] DEBUG:colcon.colcon_core.event_handler.log_command:Invoking command in '/github/ros2odometry/bumperbot_ws/build/bumperbot_cpp_examples': CMAKE_PREFIX_PATH=${CMAKE_PREFIX_PATH}:/github/ros2odometry/bumperbot_ws/install/bumperbot_py_examples:/opt/ros/humble /usr/bin/cmake --install /github/ros2odometry/bumperbot_ws/build/bumperbot_cpp_examples
[2.519s] DEBUG:colcon.colcon_core.event_handler.log_command:Invoking command in '/github/ros2odometry/bumperbot_ws/build/bumperbot_description': CMAKE_PREFIX_PATH=${CMAKE_PREFIX_PATH}:/github/ros2odometry/bumperbot_ws/install/bumperbot_py_examples:/opt/ros/humble /usr/bin/cmake --install /github/ros2odometry/bumperbot_ws/build/bumperbot_description
[2.622s] Level 1:colcon.colcon_core.environment:create_environment_scripts_only(bumperbot_cpp_examples)
[2.645s] DEBUG:colcon.colcon_core.event_handler.log_command:Invoked command in '/github/ros2odometry/bumperbot_ws/build/bumperbot_cpp_examples' returned '0': CMAKE_PREFIX_PATH=${CMAKE_PREFIX_PATH}:/github/ros2odometry/bumperbot_ws/install/bumperbot_py_examples:/opt/ros/humble /usr/bin/cmake --install /github/ros2odometry/bumperbot_ws/build/bumperbot_cpp_examples
[2.652s] Level 1:colcon.colcon_core.environment:checking '/github/ros2odometry/bumperbot_ws/install/bumperbot_cpp_examples' for CMake module files
[2.659s] Level 1:colcon.colcon_core.environment:checking '/github/ros2odometry/bumperbot_ws/install/bumperbot_cpp_examples' for CMake config files
[2.660s] Level 1:colcon.colcon_core.shell:create_environment_hook('bumperbot_cpp_examples', 'cmake_prefix_path')
[2.673s] INFO:colcon.colcon_core.shell:Creating environment hook '/github/ros2odometry/bumperbot_ws/install/bumperbot_cpp_examples/share/bumperbot_cpp_examples/hook/cmake_prefix_path.ps1'
[2.675s] INFO:colcon.colcon_core.shell:Creating environment descriptor '/github/ros2odometry/bumperbot_ws/install/bumperbot_cpp_examples/share/bumperbot_cpp_examples/hook/cmake_prefix_path.dsv'
[2.676s] INFO:colcon.colcon_core.shell:Creating environment hook '/github/ros2odometry/bumperbot_ws/install/bumperbot_cpp_examples/share/bumperbot_cpp_examples/hook/cmake_prefix_path.sh'
[2.678s] Level 1:colcon.colcon_core.environment:checking '/github/ros2odometry/bumperbot_ws/install/bumperbot_cpp_examples/bin'
[2.678s] Level 1:colcon.colcon_core.environment:checking '/github/ros2odometry/bumperbot_ws/install/bumperbot_cpp_examples/lib/pkgconfig/bumperbot_cpp_examples.pc'
[2.678s] Level 1:colcon.colcon_core.environment:checking '/github/ros2odometry/bumperbot_ws/install/bumperbot_cpp_examples/lib/python3.10/site-packages'
[2.679s] Level 1:colcon.colcon_core.environment:checking '/github/ros2odometry/bumperbot_ws/install/bumperbot_cpp_examples/bin'
[2.693s] INFO:colcon.colcon_core.shell:Creating package script '/github/ros2odometry/bumperbot_ws/install/bumperbot_cpp_examples/share/bumperbot_cpp_examples/package.ps1'
[2.694s] INFO:colcon.colcon_core.shell:Creating package descriptor '/github/ros2odometry/bumperbot_ws/install/bumperbot_cpp_examples/share/bumperbot_cpp_examples/package.dsv'
[2.695s] INFO:colcon.colcon_core.shell:Creating package script '/github/ros2odometry/bumperbot_ws/install/bumperbot_cpp_examples/share/bumperbot_cpp_examples/package.sh'
[2.696s] INFO:colcon.colcon_core.shell:Creating package script '/github/ros2odometry/bumperbot_ws/install/bumperbot_cpp_examples/share/bumperbot_cpp_examples/package.bash'
[2.697s] INFO:colcon.colcon_core.shell:Creating package script '/github/ros2odometry/bumperbot_ws/install/bumperbot_cpp_examples/share/bumperbot_cpp_examples/package.zsh'
[2.701s] Level 1:colcon.colcon_core.environment:create_file_with_runtime_dependencies(/github/ros2odometry/bumperbot_ws/install/bumperbot_cpp_examples/share/colcon-core/packages/bumperbot_cpp_examples)
[2.722s] Level 1:colcon.colcon_core.environment:create_environment_scripts_only(bumperbot_description)
[2.737s] DEBUG:colcon.colcon_core.event_handler.log_command:Invoking command in '/github/ros2odometry/bumperbot_ws/src/bumperbot_py_examples': PYTHONPATH=/github/ros2odometry/bumperbot_ws/build/bumperbot_py_examples/prefix_override:/github/ros2odometry/bumperbot_ws/install/bumperbot_py_examples/lib/python3.10/site-packages:${PYTHONPATH} /usr/bin/python3 setup.py egg_info --egg-base ../../build/bumperbot_py_examples build --build-base /github/ros2odometry/bumperbot_ws/build/bumperbot_py_examples/build install --record /github/ros2odometry/bumperbot_ws/build/bumperbot_py_examples/install.log --single-version-externally-managed
[2.738s] DEBUG:colcon.colcon_core.event_handler.log_command:Invoked command in '/github/ros2odometry/bumperbot_ws/build/bumperbot_description' returned '0': CMAKE_PREFIX_PATH=${CMAKE_PREFIX_PATH}:/github/ros2odometry/bumperbot_ws/install/bumperbot_py_examples:/opt/ros/humble /usr/bin/cmake --install /github/ros2odometry/bumperbot_ws/build/bumperbot_description
[2.742s] Level 1:colcon.colcon_core.environment:checking '/github/ros2odometry/bumperbot_ws/install/bumperbot_description' for CMake module files
[2.746s] Level 1:colcon.colcon_core.environment:checking '/github/ros2odometry/bumperbot_ws/install/bumperbot_description' for CMake config files
[2.766s] Level 1:colcon.colcon_core.shell:create_environment_hook('bumperbot_description', 'cmake_prefix_path')
[2.785s] INFO:colcon.colcon_core.shell:Creating environment hook '/github/ros2odometry/bumperbot_ws/install/bumperbot_description/share/bumperbot_description/hook/cmake_prefix_path.ps1'
[2.789s] INFO:colcon.colcon_core.shell:Creating environment descriptor '/github/ros2odometry/bumperbot_ws/install/bumperbot_description/share/bumperbot_description/hook/cmake_prefix_path.dsv'
[2.793s] INFO:colcon.colcon_core.shell:Creating environment hook '/github/ros2odometry/bumperbot_ws/install/bumperbot_description/share/bumperbot_description/hook/cmake_prefix_path.sh'
[2.802s] Level 1:colcon.colcon_core.environment:checking '/github/ros2odometry/bumperbot_ws/install/bumperbot_description/bin'
[2.804s] Level 1:colcon.colcon_core.environment:checking '/github/ros2odometry/bumperbot_ws/install/bumperbot_description/lib/pkgconfig/bumperbot_description.pc'
[2.806s] Level 1:colcon.colcon_core.environment:checking '/github/ros2odometry/bumperbot_ws/install/bumperbot_description/lib/python3.10/site-packages'
[2.807s] Level 1:colcon.colcon_core.environment:checking '/github/ros2odometry/bumperbot_ws/install/bumperbot_description/bin'
[2.825s] INFO:colcon.colcon_core.shell:Creating package script '/github/ros2odometry/bumperbot_ws/install/bumperbot_description/share/bumperbot_description/package.ps1'
[2.831s] INFO:colcon.colcon_core.shell:Creating package descriptor '/github/ros2odometry/bumperbot_ws/install/bumperbot_description/share/bumperbot_description/package.dsv'
[2.834s] INFO:colcon.colcon_core.shell:Creating package script '/github/ros2odometry/bumperbot_ws/install/bumperbot_description/share/bumperbot_description/package.sh'
[2.836s] INFO:colcon.colcon_core.shell:Creating package script '/github/ros2odometry/bumperbot_ws/install/bumperbot_description/share/bumperbot_description/package.bash'
[2.837s] INFO:colcon.colcon_core.shell:Creating package script '/github/ros2odometry/bumperbot_ws/install/bumperbot_description/share/bumperbot_description/package.zsh'
[2.838s] Level 1:colcon.colcon_core.environment:create_file_with_runtime_dependencies(/github/ros2odometry/bumperbot_ws/install/bumperbot_description/share/colcon-core/packages/bumperbot_description)
[3.239s] Level 1:colcon.colcon_core.environment:create_environment_scripts_only(bumperbot_cpp_examples)
[3.273s] Level 1:colcon.colcon_core.environment:checking '/github/ros2odometry/bumperbot_ws/install/bumperbot_cpp_examples' for CMake module files
[3.294s] Level 1:colcon.colcon_core.environment:checking '/github/ros2odometry/bumperbot_ws/install/bumperbot_cpp_examples' for CMake config files
[3.301s] Level 1:colcon.colcon_core.shell:create_environment_hook('bumperbot_cpp_examples', 'cmake_prefix_path')
[3.333s] INFO:colcon.colcon_core.shell:Creating environment hook '/github/ros2odometry/bumperbot_ws/install/bumperbot_cpp_examples/share/bumperbot_cpp_examples/hook/cmake_prefix_path.ps1'
[3.341s] INFO:colcon.colcon_core.shell:Creating environment descriptor '/github/ros2odometry/bumperbot_ws/install/bumperbot_cpp_examples/share/bumperbot_cpp_examples/hook/cmake_prefix_path.dsv'
[3.344s] INFO:colcon.colcon_core.shell:Creating environment hook '/github/ros2odometry/bumperbot_ws/install/bumperbot_cpp_examples/share/bumperbot_cpp_examples/hook/cmake_prefix_path.sh'
[3.347s] Level 1:colcon.colcon_core.environment:checking '/github/ros2odometry/bumperbot_ws/install/bumperbot_cpp_examples/bin'
[3.348s] Level 1:colcon.colcon_core.environment:checking '/github/ros2odometry/bumperbot_ws/install/bumperbot_cpp_examples/lib/pkgconfig/bumperbot_cpp_examples.pc'
[3.348s] Level 1:colcon.colcon_core.environment:checking '/github/ros2odometry/bumperbot_ws/install/bumperbot_cpp_examples/lib/python3.10/site-packages'
[3.352s] Level 1:colcon.colcon_core.environment:checking '/github/ros2odometry/bumperbot_ws/install/bumperbot_cpp_examples/bin'
[3.368s] INFO:colcon.colcon_core.shell:Creating package script '/github/ros2odometry/bumperbot_ws/install/bumperbot_cpp_examples/share/bumperbot_cpp_examples/package.ps1'
[3.370s] INFO:colcon.colcon_core.shell:Creating package descriptor '/github/ros2odometry/bumperbot_ws/install/bumperbot_cpp_examples/share/bumperbot_cpp_examples/package.dsv'
[3.375s] INFO:colcon.colcon_core.shell:Creating package script '/github/ros2odometry/bumperbot_ws/install/bumperbot_cpp_examples/share/bumperbot_cpp_examples/package.sh'
[3.382s] INFO:colcon.colcon_core.shell:Creating package script '/github/ros2odometry/bumperbot_ws/install/bumperbot_cpp_examples/share/bumperbot_cpp_examples/package.bash'
[3.385s] INFO:colcon.colcon_core.shell:Creating package script '/github/ros2odometry/bumperbot_ws/install/bumperbot_cpp_examples/share/bumperbot_cpp_examples/package.zsh'
[3.392s] Level 1:colcon.colcon_core.environment:create_file_with_runtime_dependencies(/github/ros2odometry/bumperbot_ws/install/bumperbot_cpp_examples/share/colcon-core/packages/bumperbot_cpp_examples)
[3.423s] Level 1:colcon.colcon_core.environment:create_environment_scripts_only(bumperbot_description)
[3.445s] Level 1:colcon.colcon_core.environment:checking '/github/ros2odometry/bumperbot_ws/install/bumperbot_description' for CMake module files
[3.449s] Level 1:colcon.colcon_core.environment:checking '/github/ros2odometry/bumperbot_ws/install/bumperbot_description' for CMake config files
[3.461s] Level 1:colcon.colcon_core.shell:create_environment_hook('bumperbot_description', 'cmake_prefix_path')
[3.482s] INFO:colcon.colcon_core.shell:Creating environment hook '/github/ros2odometry/bumperbot_ws/install/bumperbot_description/share/bumperbot_description/hook/cmake_prefix_path.ps1'
[3.490s] INFO:colcon.colcon_core.shell:Creating environment descriptor '/github/ros2odometry/bumperbot_ws/install/bumperbot_description/share/bumperbot_description/hook/cmake_prefix_path.dsv'
[3.492s] INFO:colcon.colcon_core.shell:Creating environment hook '/github/ros2odometry/bumperbot_ws/install/bumperbot_description/share/bumperbot_description/hook/cmake_prefix_path.sh'
[3.494s] Level 1:colcon.colcon_core.environment:checking '/github/ros2odometry/bumperbot_ws/install/bumperbot_description/bin'
[3.494s] Level 1:colcon.colcon_core.environment:checking '/github/ros2odometry/bumperbot_ws/install/bumperbot_description/lib/pkgconfig/bumperbot_description.pc'
[3.495s] Level 1:colcon.colcon_core.environment:checking '/github/ros2odometry/bumperbot_ws/install/bumperbot_description/lib/python3.10/site-packages'
[3.496s] Level 1:colcon.colcon_core.environment:checking '/github/ros2odometry/bumperbot_ws/install/bumperbot_description/bin'
[3.516s] INFO:colcon.colcon_core.shell:Creating package script '/github/ros2odometry/bumperbot_ws/install/bumperbot_description/share/bumperbot_description/package.ps1'
[3.519s] INFO:colcon.colcon_core.shell:Creating package descriptor '/github/ros2odometry/bumperbot_ws/install/bumperbot_description/share/bumperbot_description/package.dsv'
[3.522s] INFO:colcon.colcon_core.shell:Creating package script '/github/ros2odometry/bumperbot_ws/install/bumperbot_description/share/bumperbot_description/package.sh'
[3.523s] INFO:colcon.colcon_core.shell:Creating package script '/github/ros2odometry/bumperbot_ws/install/bumperbot_description/share/bumperbot_description/package.bash'
[3.524s] INFO:colcon.colcon_core.shell:Creating package script '/github/ros2odometry/bumperbot_ws/install/bumperbot_description/share/bumperbot_description/package.zsh'
[3.525s] Level 1:colcon.colcon_core.environment:create_file_with_runtime_dependencies(/github/ros2odometry/bumperbot_ws/install/bumperbot_description/share/colcon-core/packages/bumperbot_description)
[3.542s] DEBUG:colcon.colcon_core.event_handler.log_command:Invoked command in '/github/ros2odometry/bumperbot_ws/src/bumperbot_py_examples' returned '0': PYTHONPATH=/github/ros2odometry/bumperbot_ws/build/bumperbot_py_examples/prefix_override:/github/ros2odometry/bumperbot_ws/install/bumperbot_py_examples/lib/python3.10/site-packages:${PYTHONPATH} /usr/bin/python3 setup.py egg_info --egg-base ../../build/bumperbot_py_examples build --build-base /github/ros2odometry/bumperbot_ws/build/bumperbot_py_examples/build install --record /github/ros2odometry/bumperbot_ws/build/bumperbot_py_examples/install.log --single-version-externally-managed
[3.550s] Level 1:colcon.colcon_core.environment:checking '/github/ros2odometry/bumperbot_ws/install/bumperbot_py_examples' for CMake module files
[3.559s] Level 1:colcon.colcon_core.environment:checking '/github/ros2odometry/bumperbot_ws/install/bumperbot_py_examples' for CMake config files
[3.583s] Level 1:colcon.colcon_core.environment:checking '/github/ros2odometry/bumperbot_ws/install/bumperbot_py_examples/lib'
[3.587s] Level 1:colcon.colcon_core.environment:checking '/github/ros2odometry/bumperbot_ws/install/bumperbot_py_examples/bin'
[3.587s] Level 1:colcon.colcon_core.environment:checking '/github/ros2odometry/bumperbot_ws/install/bumperbot_py_examples/lib/pkgconfig/bumperbot_py_examples.pc'
[3.588s] Level 1:colcon.colcon_core.environment:checking '/github/ros2odometry/bumperbot_ws/install/bumperbot_py_examples/lib/python3.10/site-packages'
[3.588s] Level 1:colcon.colcon_core.shell:create_environment_hook('bumperbot_py_examples', 'pythonpath')
[3.606s] INFO:colcon.colcon_core.shell:Creating environment hook '/github/ros2odometry/bumperbot_ws/install/bumperbot_py_examples/share/bumperbot_py_examples/hook/pythonpath.ps1'
[3.608s] INFO:colcon.colcon_core.shell:Creating environment descriptor '/github/ros2odometry/bumperbot_ws/install/bumperbot_py_examples/share/bumperbot_py_examples/hook/pythonpath.dsv'
[3.614s] INFO:colcon.colcon_core.shell:Creating environment hook '/github/ros2odometry/bumperbot_ws/install/bumperbot_py_examples/share/bumperbot_py_examples/hook/pythonpath.sh'
[3.621s] Level 1:colcon.colcon_core.environment:checking '/github/ros2odometry/bumperbot_ws/install/bumperbot_py_examples/bin'
[3.621s] Level 1:colcon.colcon_core.environment:create_environment_scripts_only(bumperbot_py_examples)
[3.644s] INFO:colcon.colcon_core.shell:Creating package script '/github/ros2odometry/bumperbot_ws/install/bumperbot_py_examples/share/bumperbot_py_examples/package.ps1'
[3.647s] INFO:colcon.colcon_core.shell:Creating package descriptor '/github/ros2odometry/bumperbot_ws/install/bumperbot_py_examples/share/bumperbot_py_examples/package.dsv'
[3.652s] INFO:colcon.colcon_core.shell:Creating package script '/github/ros2odometry/bumperbot_ws/install/bumperbot_py_examples/share/bumperbot_py_examples/package.sh'
[3.653s] INFO:colcon.colcon_core.shell:Creating package script '/github/ros2odometry/bumperbot_ws/install/bumperbot_py_examples/share/bumperbot_py_examples/package.bash'
[3.655s] INFO:colcon.colcon_core.shell:Creating package script '/github/ros2odometry/bumperbot_ws/install/bumperbot_py_examples/share/bumperbot_py_examples/package.zsh'
[3.656s] Level 1:colcon.colcon_core.environment:create_file_with_runtime_dependencies(/github/ros2odometry/bumperbot_ws/install/bumperbot_py_examples/share/colcon-core/packages/bumperbot_py_examples)
[3.657s] DEBUG:colcon.colcon_parallel_executor.executor.parallel:closing loop
[3.659s] DEBUG:colcon.colcon_parallel_executor.executor.parallel:loop closed
[3.660s] DEBUG:colcon.colcon_parallel_executor.executor.parallel:run_until_complete finished with '0'
[3.661s] DEBUG:colcon.colcon_core.event_reactor:joining thread
[3.707s] INFO:colcon.colcon_core.plugin_system:Skipping extension 'colcon_notification.desktop_notification.terminal_notifier': Not used on non-Darwin systems
[3.707s] INFO:colcon.colcon_core.plugin_system:Skipping extension 'colcon_notification.desktop_notification.win32': Not used on non-Windows systems
[3.709s] INFO:colcon.colcon_notification.desktop_notification:Sending desktop notification using 'notify2'
[4.316s] DEBUG:colcon.colcon_core.event_reactor:joined thread
[4.331s] INFO:colcon.colcon_core.shell:Creating prefix script '/github/ros2odometry/bumperbot_ws/install/local_setup.ps1'
[4.337s] INFO:colcon.colcon_core.shell:Creating prefix util module '/github/ros2odometry/bumperbot_ws/install/_local_setup_util_ps1.py'
[4.340s] INFO:colcon.colcon_core.shell:Creating prefix chain script '/github/ros2odometry/bumperbot_ws/install/setup.ps1'
[4.359s] INFO:colcon.colcon_core.shell:Creating prefix script '/github/ros2odometry/bumperbot_ws/install/local_setup.sh'
[4.360s] INFO:colcon.colcon_core.shell:Creating prefix util module '/github/ros2odometry/bumperbot_ws/install/_local_setup_util_sh.py'
[4.361s] INFO:colcon.colcon_core.shell:Creating prefix chain script '/github/ros2odometry/bumperbot_ws/install/setup.sh'
[4.376s] INFO:colcon.colcon_core.shell:Creating prefix script '/github/ros2odometry/bumperbot_ws/install/local_setup.bash'
[4.376s] INFO:colcon.colcon_core.shell:Creating prefix chain script '/github/ros2odometry/bumperbot_ws/install/setup.bash'
[4.392s] INFO:colcon.colcon_core.shell:Creating prefix script '/github/ros2odometry/bumperbot_ws/install/local_setup.zsh'
[4.393s] INFO:colcon.colcon_core.shell:Creating prefix chain script '/github/ros2odometry/bumperbot_ws/install/setup.zsh'
