[0.227s] Invoking command in '/github/ros2odometry/bumperbot_ws/build/bumperbot_controller': CMAKE_PREFIX_PATH=${CMAKE_PREFIX_PATH}:/github/ros2odometry/bumperbot_ws/install/bumperbot_py_examples:/opt/ros/humble /usr/bin/cmake --build /github/ros2odometry/bumperbot_ws/build/bumperbot_controller -- -j16 -l16
[0.435s] -- Found ament_cmake: 1.3.6 (/opt/ros/humble/share/ament_cmake/cmake)
[1.146s] -- Configuring done
[1.228s] -- Generating done
[1.242s] -- Build files have been written to: /github/ros2odometry/bumperbot_ws/build/bumperbot_controller
[1.405s] Invoked command in '/github/ros2odometry/bumperbot_ws/build/bumperbot_controller' returned '0': CMAKE_PREFIX_PATH=${CMAKE_PREFIX_PATH}:/github/ros2odometry/bumperbot_ws/install/bumperbot_py_examples:/opt/ros/humble /usr/bin/cmake --build /github/ros2odometry/bumperbot_ws/build/bumperbot_controller -- -j16 -l16
[1.716s] Invoking command in '/github/ros2odometry/bumperbot_ws/build/bumperbot_controller': CMAKE_PREFIX_PATH=${CMAKE_PREFIX_PATH}:/github/ros2odometry/bumperbot_ws/install/bumperbot_py_examples:/opt/ros/humble /usr/bin/cmake --install /github/ros2odometry/bumperbot_ws/build/bumperbot_controller
[1.771s] -- Install configuration: ""
[1.772s] -- Installing: /github/ros2odometry/bumperbot_ws/install/bumperbot_controller/share/bumperbot_controller/config
[1.774s] -- Installing: /github/ros2odometry/bumperbot_ws/install/bumperbot_controller/share/bumperbot_controller/config/bumperbot_controllers.yaml
[1.776s] -- Up-to-date: /github/ros2odometry/bumperbot_ws/install/bumperbot_controller/share/ament_index/resource_index/package_run_dependencies/bumperbot_controller
[1.777s] -- Up-to-date: /github/ros2odometry/bumperbot_ws/install/bumperbot_controller/share/ament_index/resource_index/parent_prefix_path/bumperbot_controller
[1.777s] -- Up-to-date: /github/ros2odometry/bumperbot_ws/install/bumperbot_controller/share/bumperbot_controller/environment/ament_prefix_path.sh
[1.778s] -- Installing: /github/ros2odometry/bumperbot_ws/install/bumperbot_controller/share/bumperbot_controller/environment/ament_prefix_path.dsv
[1.780s] -- Up-to-date: /github/ros2odometry/bumperbot_ws/install/bumperbot_controller/share/bumperbot_controller/environment/path.sh
[1.780s] -- Installing: /github/ros2odometry/bumperbot_ws/install/bumperbot_controller/share/bumperbot_controller/environment/path.dsv
[1.782s] -- Up-to-date: /github/ros2odometry/bumperbot_ws/install/bumperbot_controller/share/bumperbot_controller/local_setup.bash
[1.783s] -- Up-to-date: /github/ros2odometry/bumperbot_ws/install/bumperbot_controller/share/bumperbot_controller/local_setup.sh
[1.783s] -- Up-to-date: /github/ros2odometry/bumperbot_ws/install/bumperbot_controller/share/bumperbot_controller/local_setup.zsh
[1.784s] -- Installing: /github/ros2odometry/bumperbot_ws/install/bumperbot_controller/share/bumperbot_controller/local_setup.dsv
[1.785s] -- Installing: /github/ros2odometry/bumperbot_ws/install/bumperbot_controller/share/bumperbot_controller/package.dsv
[1.787s] -- Up-to-date: /github/ros2odometry/bumperbot_ws/install/bumperbot_controller/share/ament_index/resource_index/packages/bumperbot_controller
[1.787s] -- Up-to-date: /github/ros2odometry/bumperbot_ws/install/bumperbot_controller/share/bumperbot_controller/cmake/bumperbot_controllerConfig.cmake
[1.788s] -- Up-to-date: /github/ros2odometry/bumperbot_ws/install/bumperbot_controller/share/bumperbot_controller/cmake/bumperbot_controllerConfig-version.cmake
[1.788s] -- Up-to-date: /github/ros2odometry/bumperbot_ws/install/bumperbot_controller/share/bumperbot_controller/package.xml
[1.794s] Invoked command in '/github/ros2odometry/bumperbot_ws/build/bumperbot_controller' returned '0': CMAKE_PREFIX_PATH=${CMAKE_PREFIX_PATH}:/github/ros2odometry/bumperbot_ws/install/bumperbot_py_examples:/opt/ros/humble /usr/bin/cmake --install /github/ros2odometry/bumperbot_ws/build/bumperbot_controller
