[0.103s] Invoking command in '/github/ros2odometry/bumperbot_ws/build/bumperbot_cpp_examples': CMAKE_PREFIX_PATH=/opt/ros/humble /usr/bin/cmake --build /github/ros2odometry/bumperbot_ws/build/bumperbot_cpp_examples -- -j16 -l16
[0.448s] Invoked command in '/github/ros2odometry/bumperbot_ws/build/bumperbot_cpp_examples' returned '0': CMAKE_PREFIX_PATH=/opt/ros/humble /usr/bin/cmake --build /github/ros2odometry/bumperbot_ws/build/bumperbot_cpp_examples -- -j16 -l16
[0.731s] Invoking command in '/github/ros2odometry/bumperbot_ws/build/bumperbot_cpp_examples': CMAKE_PREFIX_PATH=/opt/ros/humble /usr/bin/cmake --install /github/ros2odometry/bumperbot_ws/build/bumperbot_cpp_examples
[0.782s] -- Install configuration: ""
[0.785s] -- Up-to-date: /github/ros2odometry/bumperbot_ws/install/bumperbot_cpp_examples/share/ament_index/resource_index/package_run_dependencies/bumperbot_cpp_examples
[0.787s] -- Up-to-date: /github/ros2odometry/bumperbot_ws/install/bumperbot_cpp_examples/share/ament_index/resource_index/parent_prefix_path/bumperbot_cpp_examples
[0.788s] -- Up-to-date: /github/ros2odometry/bumperbot_ws/install/bumperbot_cpp_examples/share/bumperbot_cpp_examples/environment/ament_prefix_path.sh
[0.788s] -- Up-to-date: /github/ros2odometry/bumperbot_ws/install/bumperbot_cpp_examples/share/bumperbot_cpp_examples/environment/ament_prefix_path.dsv
[0.789s] -- Up-to-date: /github/ros2odometry/bumperbot_ws/install/bumperbot_cpp_examples/share/bumperbot_cpp_examples/environment/path.sh
[0.791s] -- Up-to-date: /github/ros2odometry/bumperbot_ws/install/bumperbot_cpp_examples/share/bumperbot_cpp_examples/environment/path.dsv
[0.793s] -- Up-to-date: /github/ros2odometry/bumperbot_ws/install/bumperbot_cpp_examples/share/bumperbot_cpp_examples/local_setup.bash
[0.793s] -- Up-to-date: /github/ros2odometry/bumperbot_ws/install/bumperbot_cpp_examples/share/bumperbot_cpp_examples/local_setup.sh
[0.793s] -- Up-to-date: /github/ros2odometry/bumperbot_ws/install/bumperbot_cpp_examples/share/bumperbot_cpp_examples/local_setup.zsh
[0.794s] -- Up-to-date: /github/ros2odometry/bumperbot_ws/install/bumperbot_cpp_examples/share/bumperbot_cpp_examples/local_setup.dsv
[0.795s] -- Installing: /github/ros2odometry/bumperbot_ws/install/bumperbot_cpp_examples/share/bumperbot_cpp_examples/package.dsv
[0.806s] -- Up-to-date: /github/ros2odometry/bumperbot_ws/install/bumperbot_cpp_examples/share/ament_index/resource_index/packages/bumperbot_cpp_examples
[0.807s] -- Up-to-date: /github/ros2odometry/bumperbot_ws/install/bumperbot_cpp_examples/share/bumperbot_cpp_examples/cmake/bumperbot_cpp_examplesConfig.cmake
[0.812s] -- Up-to-date: /github/ros2odometry/bumperbot_ws/install/bumperbot_cpp_examples/share/bumperbot_cpp_examples/cmake/bumperbot_cpp_examplesConfig-version.cmake
[0.812s] -- Up-to-date: /github/ros2odometry/bumperbot_ws/install/bumperbot_cpp_examples/share/bumperbot_cpp_examples/package.xml
[0.816s] Invoked command in '/github/ros2odometry/bumperbot_ws/build/bumperbot_cpp_examples' returned '0': CMAKE_PREFIX_PATH=/opt/ros/humble /usr/bin/cmake --install /github/ros2odometry/bumperbot_ws/build/bumperbot_cpp_examples
