/github/ros2odometry/bumperbot_ws/install/bumperbot_py_examples/lib/python3.10/site-packages/bumperbot_py_examples/__init__.py
/github/ros2odometry/bumperbot_ws/install/bumperbot_py_examples/lib/python3.10/site-packages/bumperbot_py_examples/simple_subscriber.py
/github/ros2odometry/bumperbot_ws/install/bumperbot_py_examples/lib/python3.10/site-packages/bumperbot_py_examples/simple_publisher.py
/github/ros2odometry/bumperbot_ws/install/bumperbot_py_examples/lib/python3.10/site-packages/bumperbot_py_examples/simple_parameter.py
/github/ros2odometry/bumperbot_ws/install/bumperbot_py_examples/lib/python3.10/site-packages/bumperbot_py_examples/__pycache__/__init__.cpython-310.pyc
/github/ros2odometry/bumperbot_ws/install/bumperbot_py_examples/lib/python3.10/site-packages/bumperbot_py_examples/__pycache__/simple_subscriber.cpython-310.pyc
/github/ros2odometry/bumperbot_ws/install/bumperbot_py_examples/lib/python3.10/site-packages/bumperbot_py_examples/__pycache__/simple_publisher.cpython-310.pyc
/github/ros2odometry/bumperbot_ws/install/bumperbot_py_examples/lib/python3.10/site-packages/bumperbot_py_examples/__pycache__/simple_parameter.cpython-310.pyc
/github/ros2odometry/bumperbot_ws/install/bumperbot_py_examples/share/ament_index/resource_index/packages/bumperbot_py_examples
/github/ros2odometry/bumperbot_ws/install/bumperbot_py_examples/share/bumperbot_py_examples/package.xml
/github/ros2odometry/bumperbot_ws/install/bumperbot_py_examples/lib/python3.10/site-packages/bumperbot_py_examples-0.0.0-py3.10.egg-info/PKG-INFO
/github/ros2odometry/bumperbot_ws/install/bumperbot_py_examples/lib/python3.10/site-packages/bumperbot_py_examples-0.0.0-py3.10.egg-info/zip-safe
/github/ros2odometry/bumperbot_ws/install/bumperbot_py_examples/lib/python3.10/site-packages/bumperbot_py_examples-0.0.0-py3.10.egg-info/SOURCES.txt
/github/ros2odometry/bumperbot_ws/install/bumperbot_py_examples/lib/python3.10/site-packages/bumperbot_py_examples-0.0.0-py3.10.egg-info/entry_points.txt
/github/ros2odometry/bumperbot_ws/install/bumperbot_py_examples/lib/python3.10/site-packages/bumperbot_py_examples-0.0.0-py3.10.egg-info/requires.txt
/github/ros2odometry/bumperbot_ws/install/bumperbot_py_examples/lib/python3.10/site-packages/bumperbot_py_examples-0.0.0-py3.10.egg-info/top_level.txt
/github/ros2odometry/bumperbot_ws/install/bumperbot_py_examples/lib/python3.10/site-packages/bumperbot_py_examples-0.0.0-py3.10.egg-info/dependency_links.txt
/github/ros2odometry/bumperbot_ws/install/bumperbot_py_examples/lib/bumperbot_py_examples/simple_parameter
/github/ros2odometry/bumperbot_ws/install/bumperbot_py_examples/lib/bumperbot_py_examples/simple_publisher
/github/ros2odometry/bumperbot_ws/install/bumperbot_py_examples/lib/bumperbot_py_examples/simple_subscriber
