[0.427s] Invoking command in '/github/ros2odometry/bumperbot_ws/build/urdf_tutorial': CMAKE_PREFIX_PATH=${CMAKE_PREFIX_PATH}:/github/ros2odometry/bumperbot_ws/install/bumperbot_py_examples:/opt/ros/humble /usr/bin/cmake --build /github/ros2odometry/bumperbot_ws/build/urdf_tutorial -- -j16 -l16
[0.641s] Invoked command in '/github/ros2odometry/bumperbot_ws/build/urdf_tutorial' returned '0': CMAKE_PREFIX_PATH=${CMAKE_PREFIX_PATH}:/github/ros2odometry/bumperbot_ws/install/bumperbot_py_examples:/opt/ros/humble /usr/bin/cmake --build /github/ros2odometry/bumperbot_ws/build/urdf_tutorial -- -j16 -l16
[0.919s] Invoking command in '/github/ros2odometry/bumperbot_ws/build/urdf_tutorial': CMAKE_PREFIX_PATH=${CMAKE_PREFIX_PATH}:/github/ros2odometry/bumperbot_ws/install/bumperbot_py_examples:/opt/ros/humble /usr/bin/cmake --install /github/ros2odometry/bumperbot_ws/build/urdf_tutorial
[0.963s] -- Install configuration: ""
[0.963s] -- Up-to-date: /github/ros2odometry/bumperbot_ws/install/urdf_tutorial/share/urdf_tutorial/images
[0.964s] -- Up-to-date: /github/ros2odometry/bumperbot_ws/install/urdf_tutorial/share/urdf_tutorial/images/origins.png
[0.964s] -- Up-to-date: /github/ros2odometry/bumperbot_ws/install/urdf_tutorial/share/urdf_tutorial/images/myfirst.png
[0.965s] -- Up-to-date: /github/ros2odometry/bumperbot_ws/install/urdf_tutorial/share/urdf_tutorial/images/visual.png
[0.965s] -- Up-to-date: /github/ros2odometry/bumperbot_ws/install/urdf_tutorial/share/urdf_tutorial/images/multipleshapes.png
[0.965s] -- Up-to-date: /github/ros2odometry/bumperbot_ws/install/urdf_tutorial/share/urdf_tutorial/images/flexible.png
[0.966s] -- Up-to-date: /github/ros2odometry/bumperbot_ws/install/urdf_tutorial/share/urdf_tutorial/images/materials.png
[0.966s] -- Up-to-date: /github/ros2odometry/bumperbot_ws/install/urdf_tutorial/share/urdf_tutorial/launch
[0.966s] -- Up-to-date: /github/ros2odometry/bumperbot_ws/install/urdf_tutorial/share/urdf_tutorial/launch/display.launch.py
[0.967s] -- Up-to-date: /github/ros2odometry/bumperbot_ws/install/urdf_tutorial/share/urdf_tutorial/meshes
[0.967s] -- Up-to-date: /github/ros2odometry/bumperbot_ws/install/urdf_tutorial/share/urdf_tutorial/meshes/l_finger_tip_color.png
[0.968s] -- Up-to-date: /github/ros2odometry/bumperbot_ws/install/urdf_tutorial/share/urdf_tutorial/meshes/l_finger_tip.dae
[0.968s] -- Up-to-date: /github/ros2odometry/bumperbot_ws/install/urdf_tutorial/share/urdf_tutorial/meshes/l_finger_color.png
[0.969s] -- Up-to-date: /github/ros2odometry/bumperbot_ws/install/urdf_tutorial/share/urdf_tutorial/meshes/l_finger.dae
[0.969s] -- Up-to-date: /github/ros2odometry/bumperbot_ws/install/urdf_tutorial/share/urdf_tutorial/rviz
[0.970s] -- Up-to-date: /github/ros2odometry/bumperbot_ws/install/urdf_tutorial/share/urdf_tutorial/rviz/urdf.rviz
[0.970s] -- Up-to-date: /github/ros2odometry/bumperbot_ws/install/urdf_tutorial/share/urdf_tutorial/urdf
[0.970s] -- Up-to-date: /github/ros2odometry/bumperbot_ws/install/urdf_tutorial/share/urdf_tutorial/urdf/07-physics.urdf
[0.971s] -- Up-to-date: /github/ros2odometry/bumperbot_ws/install/urdf_tutorial/share/urdf_tutorial/urdf/08-macroed.urdf.xacro
[0.971s] -- Up-to-date: /github/ros2odometry/bumperbot_ws/install/urdf_tutorial/share/urdf_tutorial/urdf/05-visual.urdf
[0.972s] -- Up-to-date: /github/ros2odometry/bumperbot_ws/install/urdf_tutorial/share/urdf_tutorial/urdf/01-myfirst.urdf
[0.972s] -- Up-to-date: /github/ros2odometry/bumperbot_ws/install/urdf_tutorial/share/urdf_tutorial/urdf/02-multipleshapes.urdf
[0.972s] -- Up-to-date: /github/ros2odometry/bumperbot_ws/install/urdf_tutorial/share/urdf_tutorial/urdf/06-flexible.urdf
[0.973s] -- Up-to-date: /github/ros2odometry/bumperbot_ws/install/urdf_tutorial/share/urdf_tutorial/urdf/04-materials.urdf
[0.973s] -- Up-to-date: /github/ros2odometry/bumperbot_ws/install/urdf_tutorial/share/urdf_tutorial/urdf/03-origins.urdf
[0.974s] -- Up-to-date: /github/ros2odometry/bumperbot_ws/install/urdf_tutorial/share/ament_index/resource_index/package_run_dependencies/urdf_tutorial
[0.977s] -- Up-to-date: /github/ros2odometry/bumperbot_ws/install/urdf_tutorial/share/ament_index/resource_index/parent_prefix_path/urdf_tutorial
[0.978s] -- Up-to-date: /github/ros2odometry/bumperbot_ws/install/urdf_tutorial/share/urdf_tutorial/environment/ament_prefix_path.sh
[0.978s] -- Up-to-date: /github/ros2odometry/bumperbot_ws/install/urdf_tutorial/share/urdf_tutorial/environment/ament_prefix_path.dsv
[0.979s] -- Up-to-date: /github/ros2odometry/bumperbot_ws/install/urdf_tutorial/share/urdf_tutorial/environment/path.sh
[0.980s] -- Up-to-date: /github/ros2odometry/bumperbot_ws/install/urdf_tutorial/share/urdf_tutorial/environment/path.dsv
[0.980s] -- Up-to-date: /github/ros2odometry/bumperbot_ws/install/urdf_tutorial/share/urdf_tutorial/local_setup.bash
[0.981s] -- Up-to-date: /github/ros2odometry/bumperbot_ws/install/urdf_tutorial/share/urdf_tutorial/local_setup.sh
[0.982s] -- Up-to-date: /github/ros2odometry/bumperbot_ws/install/urdf_tutorial/share/urdf_tutorial/local_setup.zsh
[0.985s] -- Up-to-date: /github/ros2odometry/bumperbot_ws/install/urdf_tutorial/share/urdf_tutorial/local_setup.dsv
[0.986s] -- Up-to-date: /github/ros2odometry/bumperbot_ws/install/urdf_tutorial/share/urdf_tutorial/package.dsv
[0.987s] -- Up-to-date: /github/ros2odometry/bumperbot_ws/install/urdf_tutorial/share/ament_index/resource_index/packages/urdf_tutorial
[0.994s] -- Up-to-date: /github/ros2odometry/bumperbot_ws/install/urdf_tutorial/share/urdf_tutorial/cmake/urdf_tutorialConfig.cmake
[0.999s] -- Up-to-date: /github/ros2odometry/bumperbot_ws/install/urdf_tutorial/share/urdf_tutorial/cmake/urdf_tutorialConfig-version.cmake
[0.999s] -- Up-to-date: /github/ros2odometry/bumperbot_ws/install/urdf_tutorial/share/urdf_tutorial/package.xml
[1.000s] Invoked command in '/github/ros2odometry/bumperbot_ws/build/urdf_tutorial' returned '0': CMAKE_PREFIX_PATH=${CMAKE_PREFIX_PATH}:/github/ros2odometry/bumperbot_ws/install/bumperbot_py_examples:/opt/ros/humble /usr/bin/cmake --install /github/ros2odometry/bumperbot_ws/build/urdf_tutorial
