[0.186s] Invoking command in '/github/ros2odometry/bumperbot_ws/build/bumperbot_description': CMAKE_PREFIX_PATH=${CMAKE_PREFIX_PATH}:/github/ros2odometry/bumperbot_ws/install/bumperbot_py_examples:/opt/ros/humble /usr/bin/cmake --build /github/ros2odometry/bumperbot_ws/build/bumperbot_description -- -j16 -l16
[0.626s] Invoked command in '/github/ros2odometry/bumperbot_ws/build/bumperbot_description' returned '0': CMAKE_PREFIX_PATH=${CMAKE_PREFIX_PATH}:/github/ros2odometry/bumperbot_ws/install/bumperbot_py_examples:/opt/ros/humble /usr/bin/cmake --build /github/ros2odometry/bumperbot_ws/build/bumperbot_description -- -j16 -l16
[1.080s] Invoking command in '/github/ros2odometry/bumperbot_ws/build/bumperbot_description': CMAKE_PREFIX_PATH=${CMAKE_PREFIX_PATH}:/github/ros2odometry/bumperbot_ws/install/bumperbot_py_examples:/opt/ros/humble /usr/bin/cmake --install /github/ros2odometry/bumperbot_ws/build/bumperbot_description
[1.171s] -- Install configuration: ""
[1.171s] -- Up-to-date: /github/ros2odometry/bumperbot_ws/install/bumperbot_description/share/bumperbot_description/meshes
[1.173s] -- Up-to-date: /github/ros2odometry/bumperbot_ws/install/bumperbot_description/share/bumperbot_description/meshes/imu_link.STL
[1.174s] -- Up-to-date: /github/ros2odometry/bumperbot_ws/install/bumperbot_description/share/bumperbot_description/meshes/caster_rear_link.STL
[1.175s] -- Up-to-date: /github/ros2odometry/bumperbot_ws/install/bumperbot_description/share/bumperbot_description/meshes/wheel_left_link.STL
[1.176s] -- Up-to-date: /github/ros2odometry/bumperbot_ws/install/bumperbot_description/share/bumperbot_description/meshes/base_link.STL
[1.177s] -- Up-to-date: /github/ros2odometry/bumperbot_ws/install/bumperbot_description/share/bumperbot_description/meshes/wheel_right_link.STL
[1.178s] -- Up-to-date: /github/ros2odometry/bumperbot_ws/install/bumperbot_description/share/bumperbot_description/meshes/caster_front_link.STL
[1.179s] -- Up-to-date: /github/ros2odometry/bumperbot_ws/install/bumperbot_description/share/bumperbot_description/urdf
[1.180s] -- Up-to-date: /github/ros2odometry/bumperbot_ws/install/bumperbot_description/share/bumperbot_description/urdf/bumperbot_gazebo.xacro
[1.181s] -- Up-to-date: /github/ros2odometry/bumperbot_ws/install/bumperbot_description/share/bumperbot_description/urdf/bumperbot.urdf.xacro
[1.181s] -- Up-to-date: /github/ros2odometry/bumperbot_ws/install/bumperbot_description/share/bumperbot_description/launch
[1.184s] -- Up-to-date: /github/ros2odometry/bumperbot_ws/install/bumperbot_description/share/bumperbot_description/launch/display.launch.py
[1.184s] -- Up-to-date: /github/ros2odometry/bumperbot_ws/install/bumperbot_description/share/bumperbot_description/launch/gazebo.launch.py
[1.185s] -- Installing: /github/ros2odometry/bumperbot_ws/install/bumperbot_description/share/bumperbot_description/launch/gazebo_classic.launch.py
[1.187s] -- Up-to-date: /github/ros2odometry/bumperbot_ws/install/bumperbot_description/share/bumperbot_description/rviz
[1.187s] -- Up-to-date: /github/ros2odometry/bumperbot_ws/install/bumperbot_description/share/bumperbot_description/rviz/display.rviz
[1.188s] -- Up-to-date: /github/ros2odometry/bumperbot_ws/install/bumperbot_description/share/ament_index/resource_index/package_run_dependencies/bumperbot_description
[1.190s] -- Up-to-date: /github/ros2odometry/bumperbot_ws/install/bumperbot_description/share/ament_index/resource_index/parent_prefix_path/bumperbot_description
[1.191s] -- Up-to-date: /github/ros2odometry/bumperbot_ws/install/bumperbot_description/share/bumperbot_description/environment/ament_prefix_path.sh
[1.193s] -- Up-to-date: /github/ros2odometry/bumperbot_ws/install/bumperbot_description/share/bumperbot_description/environment/ament_prefix_path.dsv
[1.196s] -- Up-to-date: /github/ros2odometry/bumperbot_ws/install/bumperbot_description/share/bumperbot_description/environment/path.sh
[1.197s] -- Up-to-date: /github/ros2odometry/bumperbot_ws/install/bumperbot_description/share/bumperbot_description/environment/path.dsv
[1.199s] -- Up-to-date: /github/ros2odometry/bumperbot_ws/install/bumperbot_description/share/bumperbot_description/local_setup.bash
[1.200s] -- Up-to-date: /github/ros2odometry/bumperbot_ws/install/bumperbot_description/share/bumperbot_description/local_setup.sh
[1.201s] -- Up-to-date: /github/ros2odometry/bumperbot_ws/install/bumperbot_description/share/bumperbot_description/local_setup.zsh
[1.202s] -- Up-to-date: /github/ros2odometry/bumperbot_ws/install/bumperbot_description/share/bumperbot_description/local_setup.dsv
[1.216s] -- Installing: /github/ros2odometry/bumperbot_ws/install/bumperbot_description/share/bumperbot_description/package.dsv
[1.222s] -- Up-to-date: /github/ros2odometry/bumperbot_ws/install/bumperbot_description/share/ament_index/resource_index/packages/bumperbot_description
[1.222s] -- Up-to-date: /github/ros2odometry/bumperbot_ws/install/bumperbot_description/share/bumperbot_description/cmake/bumperbot_descriptionConfig.cmake
[1.224s] -- Up-to-date: /github/ros2odometry/bumperbot_ws/install/bumperbot_description/share/bumperbot_description/cmake/bumperbot_descriptionConfig-version.cmake
[1.225s] -- Up-to-date: /github/ros2odometry/bumperbot_ws/install/bumperbot_description/share/bumperbot_description/package.xml
[1.227s] Invoked command in '/github/ros2odometry/bumperbot_ws/build/bumperbot_description' returned '0': CMAKE_PREFIX_PATH=${CMAKE_PREFIX_PATH}:/github/ros2odometry/bumperbot_ws/install/bumperbot_py_examples:/opt/ros/humble /usr/bin/cmake --install /github/ros2odometry/bumperbot_ws/build/bumperbot_description
