[0.212s] Invoking command in '/github/ros2odometry/bumperbot_ws/build/bumperbot_cpp_examples': CMAKE_PREFIX_PATH=${CMAKE_PREFIX_PATH}:/github/ros2odometry/bumperbot_ws/install/bumperbot_py_examples:/opt/ros/humble /usr/bin/cmake --build /github/ros2odometry/bumperbot_ws/build/bumperbot_cpp_examples -- -j16 -l16
[0.666s] Invoked command in '/github/ros2odometry/bumperbot_ws/build/bumperbot_cpp_examples' returned '0': CMAKE_PREFIX_PATH=${CMAKE_PREFIX_PATH}:/github/ros2odometry/bumperbot_ws/install/bumperbot_py_examples:/opt/ros/humble /usr/bin/cmake --build /github/ros2odometry/bumperbot_ws/build/bumperbot_cpp_examples -- -j16 -l16
[1.060s] Invoking command in '/github/ros2odometry/bumperbot_ws/build/bumperbot_cpp_examples': CMAKE_PREFIX_PATH=${CMAKE_PREFIX_PATH}:/github/ros2odometry/bumperbot_ws/install/bumperbot_py_examples:/opt/ros/humble /usr/bin/cmake --install /github/ros2odometry/bumperbot_ws/build/bumperbot_cpp_examples
[1.131s] -- Install configuration: ""
[1.133s] -- Up-to-date: /github/ros2odometry/bumperbot_ws/install/bumperbot_cpp_examples/share/ament_index/resource_index/package_run_dependencies/bumperbot_cpp_examples
[1.137s] -- Up-to-date: /github/ros2odometry/bumperbot_ws/install/bumperbot_cpp_examples/share/ament_index/resource_index/parent_prefix_path/bumperbot_cpp_examples
[1.138s] -- Up-to-date: /github/ros2odometry/bumperbot_ws/install/bumperbot_cpp_examples/share/bumperbot_cpp_examples/environment/ament_prefix_path.sh
[1.139s] -- Up-to-date: /github/ros2odometry/bumperbot_ws/install/bumperbot_cpp_examples/share/bumperbot_cpp_examples/environment/ament_prefix_path.dsv
[1.140s] -- Up-to-date: /github/ros2odometry/bumperbot_ws/install/bumperbot_cpp_examples/share/bumperbot_cpp_examples/environment/path.sh
[1.140s] -- Up-to-date: /github/ros2odometry/bumperbot_ws/install/bumperbot_cpp_examples/share/bumperbot_cpp_examples/environment/path.dsv
[1.141s] -- Up-to-date: /github/ros2odometry/bumperbot_ws/install/bumperbot_cpp_examples/share/bumperbot_cpp_examples/local_setup.bash
[1.141s] -- Up-to-date: /github/ros2odometry/bumperbot_ws/install/bumperbot_cpp_examples/share/bumperbot_cpp_examples/local_setup.sh
[1.143s] -- Up-to-date: /github/ros2odometry/bumperbot_ws/install/bumperbot_cpp_examples/share/bumperbot_cpp_examples/local_setup.zsh
[1.143s] -- Up-to-date: /github/ros2odometry/bumperbot_ws/install/bumperbot_cpp_examples/share/bumperbot_cpp_examples/local_setup.dsv
[1.144s] -- Installing: /github/ros2odometry/bumperbot_ws/install/bumperbot_cpp_examples/share/bumperbot_cpp_examples/package.dsv
[1.172s] -- Up-to-date: /github/ros2odometry/bumperbot_ws/install/bumperbot_cpp_examples/share/ament_index/resource_index/packages/bumperbot_cpp_examples
[1.175s] -- Up-to-date: /github/ros2odometry/bumperbot_ws/install/bumperbot_cpp_examples/share/bumperbot_cpp_examples/cmake/bumperbot_cpp_examplesConfig.cmake
[1.176s] -- Up-to-date: /github/ros2odometry/bumperbot_ws/install/bumperbot_cpp_examples/share/bumperbot_cpp_examples/cmake/bumperbot_cpp_examplesConfig-version.cmake
[1.177s] -- Up-to-date: /github/ros2odometry/bumperbot_ws/install/bumperbot_cpp_examples/share/bumperbot_cpp_examples/package.xml
[1.186s] Invoked command in '/github/ros2odometry/bumperbot_ws/build/bumperbot_cpp_examples' returned '0': CMAKE_PREFIX_PATH=${CMAKE_PREFIX_PATH}:/github/ros2odometry/bumperbot_ws/install/bumperbot_py_examples:/opt/ros/humble /usr/bin/cmake --install /github/ros2odometry/bumperbot_ws/build/bumperbot_cpp_examples
