[0.076s] Invoking command in '/github/ros2odometry/bumperbot_ws/build/bumperbot_controller': CMAKE_PREFIX_PATH=${CMAKE_PREFIX_PATH}:/github/ros2odometry/bumperbot_ws/install/bumperbot_py_examples:/opt/ros/humble /usr/bin/cmake --build /github/ros2odometry/bumperbot_ws/build/bumperbot_controller -- -j16 -l16
[0.467s] Invoked command in '/github/ros2odometry/bumperbot_ws/build/bumperbot_controller' returned '0': CMAKE_PREFIX_PATH=${CMAKE_PREFIX_PATH}:/github/ros2odometry/bumperbot_ws/install/bumperbot_py_examples:/opt/ros/humble /usr/bin/cmake --build /github/ros2odometry/bumperbot_ws/build/bumperbot_controller -- -j16 -l16
[0.840s] Invoking command in '/github/ros2odometry/bumperbot_ws/build/bumperbot_controller': CMAKE_PREFIX_PATH=${CMAKE_PREFIX_PATH}:/github/ros2odometry/bumperbot_ws/install/bumperbot_py_examples:/opt/ros/humble /usr/bin/cmake --install /github/ros2odometry/bumperbot_ws/build/bumperbot_controller
[0.894s] -- Install configuration: ""
[0.896s] -- Up-to-date: /github/ros2odometry/bumperbot_ws/install/bumperbot_controller/share/bumperbot_controller/config
[0.897s] -- Up-to-date: /github/ros2odometry/bumperbot_ws/install/bumperbot_controller/share/bumperbot_controller/config/bumperbot_controllers.yaml
[0.899s] -- Up-to-date: /github/ros2odometry/bumperbot_ws/install/bumperbot_controller/share/bumperbot_controller/launch
[0.900s] -- Up-to-date: /github/ros2odometry/bumperbot_ws/install/bumperbot_controller/share/bumperbot_controller/launch/controller.launch.py
[0.901s] -- Up-to-date: /github/ros2odometry/bumperbot_ws/install/bumperbot_controller/share/ament_index/resource_index/package_run_dependencies/bumperbot_controller
[0.902s] -- Up-to-date: /github/ros2odometry/bumperbot_ws/install/bumperbot_controller/share/ament_index/resource_index/parent_prefix_path/bumperbot_controller
[0.904s] -- Up-to-date: /github/ros2odometry/bumperbot_ws/install/bumperbot_controller/share/bumperbot_controller/environment/ament_prefix_path.sh
[0.906s] -- Up-to-date: /github/ros2odometry/bumperbot_ws/install/bumperbot_controller/share/bumperbot_controller/environment/ament_prefix_path.dsv
[0.906s] -- Up-to-date: /github/ros2odometry/bumperbot_ws/install/bumperbot_controller/share/bumperbot_controller/environment/path.sh
[0.906s] -- Up-to-date: /github/ros2odometry/bumperbot_ws/install/bumperbot_controller/share/bumperbot_controller/environment/path.dsv
[0.907s] -- Up-to-date: /github/ros2odometry/bumperbot_ws/install/bumperbot_controller/share/bumperbot_controller/local_setup.bash
[0.908s] -- Up-to-date: /github/ros2odometry/bumperbot_ws/install/bumperbot_controller/share/bumperbot_controller/local_setup.sh
[0.911s] -- Up-to-date: /github/ros2odometry/bumperbot_ws/install/bumperbot_controller/share/bumperbot_controller/local_setup.zsh
[0.913s] -- Up-to-date: /github/ros2odometry/bumperbot_ws/install/bumperbot_controller/share/bumperbot_controller/local_setup.dsv
[0.914s] -- Installing: /github/ros2odometry/bumperbot_ws/install/bumperbot_controller/share/bumperbot_controller/package.dsv
[0.916s] -- Up-to-date: /github/ros2odometry/bumperbot_ws/install/bumperbot_controller/share/ament_index/resource_index/packages/bumperbot_controller
[0.921s] -- Up-to-date: /github/ros2odometry/bumperbot_ws/install/bumperbot_controller/share/bumperbot_controller/cmake/bumperbot_controllerConfig.cmake
[0.923s] -- Up-to-date: /github/ros2odometry/bumperbot_ws/install/bumperbot_controller/share/bumperbot_controller/cmake/bumperbot_controllerConfig-version.cmake
[0.925s] -- Up-to-date: /github/ros2odometry/bumperbot_ws/install/bumperbot_controller/share/bumperbot_controller/package.xml
[0.948s] Invoked command in '/github/ros2odometry/bumperbot_ws/build/bumperbot_controller' returned '0': CMAKE_PREFIX_PATH=${CMAKE_PREFIX_PATH}:/github/ros2odometry/bumperbot_ws/install/bumperbot_py_examples:/opt/ros/humble /usr/bin/cmake --install /github/ros2odometry/bumperbot_ws/build/bumperbot_controller
