[0.791s] Invoking command in '/github/ros2odometry/bumperbot_ws/src/bumperbot_py_examples': PYTHONPATH=/github/ros2odometry/bumperbot_ws/build/bumperbot_py_examples/prefix_override:/github/ros2odometry/bumperbot_ws/install/bumperbot_py_examples/lib/python3.10/site-packages:${PYTHONPATH} /usr/bin/python3 setup.py egg_info --egg-base ../../build/bumperbot_py_examples build --build-base /github/ros2odometry/bumperbot_ws/build/bumperbot_py_examples/build install --record /github/ros2odometry/bumperbot_ws/build/bumperbot_py_examples/install.log --single-version-externally-managed
[1.045s] running egg_info
[1.045s] creating ../../build/bumperbot_py_examples/bumperbot_py_examples.egg-info
[1.046s] writing ../../build/bumperbot_py_examples/bumperbot_py_examples.egg-info/PKG-INFO
[1.047s] writing dependency_links to ../../build/bumperbot_py_examples/bumperbot_py_examples.egg-info/dependency_links.txt
[1.047s] writing entry points to ../../build/bumperbot_py_examples/bumperbot_py_examples.egg-info/entry_points.txt
[1.048s] writing requirements to ../../build/bumperbot_py_examples/bumperbot_py_examples.egg-info/requires.txt
[1.048s] writing top-level names to ../../build/bumperbot_py_examples/bumperbot_py_examples.egg-info/top_level.txt
[1.049s] writing manifest file '../../build/bumperbot_py_examples/bumperbot_py_examples.egg-info/SOURCES.txt'
[1.052s] reading manifest file '../../build/bumperbot_py_examples/bumperbot_py_examples.egg-info/SOURCES.txt'
[1.054s] writing manifest file '../../build/bumperbot_py_examples/bumperbot_py_examples.egg-info/SOURCES.txt'
[1.054s] running build
[1.055s] running build_py
[1.055s] creating /github/ros2odometry/bumperbot_ws/build/bumperbot_py_examples/build
[1.055s] creating /github/ros2odometry/bumperbot_ws/build/bumperbot_py_examples/build/lib
[1.056s] creating /github/ros2odometry/bumperbot_ws/build/bumperbot_py_examples/build/lib/bumperbot_py_examples
[1.056s] copying bumperbot_py_examples/__init__.py -> /github/ros2odometry/bumperbot_ws/build/bumperbot_py_examples/build/lib/bumperbot_py_examples
[1.057s] running install
[1.058s] /usr/lib/python3/dist-packages/setuptools/command/install.py:34: SetuptoolsDeprecationWarning: setup.py install is deprecated. Use build and pip and other standards-based tools.
[1.058s]   warnings.warn(
[1.059s] running install_lib
[1.059s] creating /github/ros2odometry/bumperbot_ws/install/bumperbot_py_examples/lib/python3.10/site-packages/bumperbot_py_examples
[1.059s] copying /github/ros2odometry/bumperbot_ws/build/bumperbot_py_examples/build/lib/bumperbot_py_examples/__init__.py -> /github/ros2odometry/bumperbot_ws/install/bumperbot_py_examples/lib/python3.10/site-packages/bumperbot_py_examples
[1.061s] byte-compiling /github/ros2odometry/bumperbot_ws/install/bumperbot_py_examples/lib/python3.10/site-packages/bumperbot_py_examples/__init__.py to __init__.cpython-310.pyc
[1.062s] running install_data
[1.063s] creating /github/ros2odometry/bumperbot_ws/install/bumperbot_py_examples/share/ament_index
[1.063s] creating /github/ros2odometry/bumperbot_ws/install/bumperbot_py_examples/share/ament_index/resource_index
[1.063s] creating /github/ros2odometry/bumperbot_ws/install/bumperbot_py_examples/share/ament_index/resource_index/packages
[1.064s] copying resource/bumperbot_py_examples -> /github/ros2odometry/bumperbot_ws/install/bumperbot_py_examples/share/ament_index/resource_index/packages
[1.064s] copying package.xml -> /github/ros2odometry/bumperbot_ws/install/bumperbot_py_examples/share/bumperbot_py_examples
[1.067s] running install_egg_info
[1.068s] Copying ../../build/bumperbot_py_examples/bumperbot_py_examples.egg-info to /github/ros2odometry/bumperbot_ws/install/bumperbot_py_examples/lib/python3.10/site-packages/bumperbot_py_examples-0.0.0-py3.10.egg-info
[1.076s] running install_scripts
[1.096s] writing list of installed files to '/github/ros2odometry/bumperbot_ws/build/bumperbot_py_examples/install.log'
[1.112s] Invoked command in '/github/ros2odometry/bumperbot_ws/src/bumperbot_py_examples' returned '0': PYTHONPATH=/github/ros2odometry/bumperbot_ws/build/bumperbot_py_examples/prefix_override:/github/ros2odometry/bumperbot_ws/install/bumperbot_py_examples/lib/python3.10/site-packages:${PYTHONPATH} /usr/bin/python3 setup.py egg_info --egg-base ../../build/bumperbot_py_examples build --build-base /github/ros2odometry/bumperbot_ws/build/bumperbot_py_examples/build install --record /github/ros2odometry/bumperbot_ws/build/bumperbot_py_examples/install.log --single-version-externally-managed
