[0.225s] Invoking command in '/github/ros2odometry/bumperbot_ws/build/bumperbot_controller': CMAKE_PREFIX_PATH=${CMAKE_PREFIX_PATH}:/github/ros2odometry/bumperbot_ws/install/bumperbot_py_examples:/opt/ros/humble /usr/bin/cmake /github/ros2odometry/bumperbot_ws/src/bumperbot_controller -DCMAKE_INSTALL_PREFIX=/github/ros2odometry/bumperbot_ws/install/bumperbot_controller
[0.744s] -- The C compiler identification is GNU 11.4.0
[1.096s] -- The CXX compiler identification is GNU 11.4.0
[1.154s] -- Detecting C compiler ABI info
[1.795s] -- Detecting C compiler ABI info - done
[1.811s] -- Check for working C compiler: /usr/bin/cc - skipped
[1.811s] -- Detecting C compile features
[1.812s] -- Detecting C compile features - done
[1.815s] -- Detecting CXX compiler ABI info
[2.282s] -- Detecting CXX compiler ABI info - done
[2.296s] -- Check for working CXX compiler: /usr/bin/c++ - skipped
[2.296s] -- Detecting CXX compile features
[2.297s] -- Detecting CXX compile features - done
[2.312s] -- Found ament_cmake: 1.3.6 (/opt/ros/humble/share/ament_cmake/cmake)
[2.943s] -- Found Python3: /usr/bin/python3.10 (found version "3.10.12") found components: Interpreter 
[3.210s] -- Found ament_lint_auto: 0.12.9 (/opt/ros/humble/share/ament_lint_auto/cmake)
[3.409s] -- Added test 'lint_cmake' to check CMake code style
[3.417s] -- Added test 'xmllint' to check XML markup files
[3.429s] -- Configuring done
[3.453s] -- Generating done
[3.461s] -- Build files have been written to: /github/ros2odometry/bumperbot_ws/build/bumperbot_controller
[3.465s] Invoked command in '/github/ros2odometry/bumperbot_ws/build/bumperbot_controller' returned '0': CMAKE_PREFIX_PATH=${CMAKE_PREFIX_PATH}:/github/ros2odometry/bumperbot_ws/install/bumperbot_py_examples:/opt/ros/humble /usr/bin/cmake /github/ros2odometry/bumperbot_ws/src/bumperbot_controller -DCMAKE_INSTALL_PREFIX=/github/ros2odometry/bumperbot_ws/install/bumperbot_controller
[3.470s] Invoking command in '/github/ros2odometry/bumperbot_ws/build/bumperbot_controller': CMAKE_PREFIX_PATH=${CMAKE_PREFIX_PATH}:/github/ros2odometry/bumperbot_ws/install/bumperbot_py_examples:/opt/ros/humble /usr/bin/cmake --build /github/ros2odometry/bumperbot_ws/build/bumperbot_controller -- -j16 -l16
[3.712s] Invoked command in '/github/ros2odometry/bumperbot_ws/build/bumperbot_controller' returned '0': CMAKE_PREFIX_PATH=${CMAKE_PREFIX_PATH}:/github/ros2odometry/bumperbot_ws/install/bumperbot_py_examples:/opt/ros/humble /usr/bin/cmake --build /github/ros2odometry/bumperbot_ws/build/bumperbot_controller -- -j16 -l16
[3.944s] Invoking command in '/github/ros2odometry/bumperbot_ws/build/bumperbot_controller': CMAKE_PREFIX_PATH=${CMAKE_PREFIX_PATH}:/github/ros2odometry/bumperbot_ws/install/bumperbot_py_examples:/opt/ros/humble /usr/bin/cmake --install /github/ros2odometry/bumperbot_ws/build/bumperbot_controller
[3.997s] -- Install configuration: ""
[4.000s] -- Installing: /github/ros2odometry/bumperbot_ws/install/bumperbot_controller/share/ament_index/resource_index/package_run_dependencies/bumperbot_controller
[4.003s] -- Installing: /github/ros2odometry/bumperbot_ws/install/bumperbot_controller/share/ament_index/resource_index/parent_prefix_path/bumperbot_controller
[4.006s] -- Installing: /github/ros2odometry/bumperbot_ws/install/bumperbot_controller/share/bumperbot_controller/environment/ament_prefix_path.sh
[4.007s] -- Installing: /github/ros2odometry/bumperbot_ws/install/bumperbot_controller/share/bumperbot_controller/environment/ament_prefix_path.dsv
[4.009s] -- Installing: /github/ros2odometry/bumperbot_ws/install/bumperbot_controller/share/bumperbot_controller/environment/path.sh
[4.011s] -- Installing: /github/ros2odometry/bumperbot_ws/install/bumperbot_controller/share/bumperbot_controller/environment/path.dsv
[4.013s] -- Installing: /github/ros2odometry/bumperbot_ws/install/bumperbot_controller/share/bumperbot_controller/local_setup.bash
[4.014s] -- Installing: /github/ros2odometry/bumperbot_ws/install/bumperbot_controller/share/bumperbot_controller/local_setup.sh
[4.016s] -- Installing: /github/ros2odometry/bumperbot_ws/install/bumperbot_controller/share/bumperbot_controller/local_setup.zsh
[4.018s] -- Installing: /github/ros2odometry/bumperbot_ws/install/bumperbot_controller/share/bumperbot_controller/local_setup.dsv
[4.019s] -- Installing: /github/ros2odometry/bumperbot_ws/install/bumperbot_controller/share/bumperbot_controller/package.dsv
[4.021s] -- Installing: /github/ros2odometry/bumperbot_ws/install/bumperbot_controller/share/ament_index/resource_index/packages/bumperbot_controller
[4.023s] -- Installing: /github/ros2odometry/bumperbot_ws/install/bumperbot_controller/share/bumperbot_controller/cmake/bumperbot_controllerConfig.cmake
[4.025s] -- Installing: /github/ros2odometry/bumperbot_ws/install/bumperbot_controller/share/bumperbot_controller/cmake/bumperbot_controllerConfig-version.cmake
[4.027s] -- Installing: /github/ros2odometry/bumperbot_ws/install/bumperbot_controller/share/bumperbot_controller/package.xml
[4.034s] Invoked command in '/github/ros2odometry/bumperbot_ws/build/bumperbot_controller' returned '0': CMAKE_PREFIX_PATH=${CMAKE_PREFIX_PATH}:/github/ros2odometry/bumperbot_ws/install/bumperbot_py_examples:/opt/ros/humble /usr/bin/cmake --install /github/ros2odometry/bumperbot_ws/build/bumperbot_controller
