[0.139s] Invoking command in '/github/ros2odometry/bumperbot_ws/build/bumperbot_description': CMAKE_PREFIX_PATH=${CMAKE_PREFIX_PATH}:/github/ros2odometry/bumperbot_ws/install/bumperbot_py_examples:/opt/ros/humble /usr/bin/cmake --build /github/ros2odometry/bumperbot_ws/build/bumperbot_description -- -j16 -l16
[0.537s] Invoked command in '/github/ros2odometry/bumperbot_ws/build/bumperbot_description' returned '0': CMAKE_PREFIX_PATH=${CMAKE_PREFIX_PATH}:/github/ros2odometry/bumperbot_ws/install/bumperbot_py_examples:/opt/ros/humble /usr/bin/cmake --build /github/ros2odometry/bumperbot_ws/build/bumperbot_description -- -j16 -l16
[0.897s] Invoking command in '/github/ros2odometry/bumperbot_ws/build/bumperbot_description': CMAKE_PREFIX_PATH=${CMAKE_PREFIX_PATH}:/github/ros2odometry/bumperbot_ws/install/bumperbot_py_examples:/opt/ros/humble /usr/bin/cmake --install /github/ros2odometry/bumperbot_ws/build/bumperbot_description
[0.988s] -- Install configuration: ""
[0.990s] -- Up-to-date: /github/ros2odometry/bumperbot_ws/install/bumperbot_description/share/bumperbot_description/meshes
[0.991s] -- Up-to-date: /github/ros2odometry/bumperbot_ws/install/bumperbot_description/share/bumperbot_description/meshes/imu_link.STL
[0.993s] -- Up-to-date: /github/ros2odometry/bumperbot_ws/install/bumperbot_description/share/bumperbot_description/meshes/caster_rear_link.STL
[0.998s] -- Up-to-date: /github/ros2odometry/bumperbot_ws/install/bumperbot_description/share/bumperbot_description/meshes/wheel_left_link.STL
[0.998s] -- Up-to-date: /github/ros2odometry/bumperbot_ws/install/bumperbot_description/share/bumperbot_description/meshes/base_link.STL
[0.999s] -- Up-to-date: /github/ros2odometry/bumperbot_ws/install/bumperbot_description/share/bumperbot_description/meshes/wheel_right_link.STL
[1.000s] -- Up-to-date: /github/ros2odometry/bumperbot_ws/install/bumperbot_description/share/bumperbot_description/meshes/caster_front_link.STL
[1.001s] -- Up-to-date: /github/ros2odometry/bumperbot_ws/install/bumperbot_description/share/bumperbot_description/urdf
[1.008s] -- Up-to-date: /github/ros2odometry/bumperbot_ws/install/bumperbot_description/share/bumperbot_description/urdf/bumperbot_ros2_control.xacro
[1.017s] -- Up-to-date: /github/ros2odometry/bumperbot_ws/install/bumperbot_description/share/bumperbot_description/urdf/bumperbot_gazebo.xacro
[1.018s] -- Up-to-date: /github/ros2odometry/bumperbot_ws/install/bumperbot_description/share/bumperbot_description/urdf/bumperbot.urdf.xacro
[1.018s] -- Up-to-date: /github/ros2odometry/bumperbot_ws/install/bumperbot_description/share/bumperbot_description/launch
[1.019s] -- Up-to-date: /github/ros2odometry/bumperbot_ws/install/bumperbot_description/share/bumperbot_description/launch/display.launch.py
[1.020s] -- Installing: /github/ros2odometry/bumperbot_ws/install/bumperbot_description/share/bumperbot_description/launch/gazebo.launch.py
[1.021s] -- Up-to-date: /github/ros2odometry/bumperbot_ws/install/bumperbot_description/share/bumperbot_description/launch/gazebo_classic.launch.py
[1.021s] -- Up-to-date: /github/ros2odometry/bumperbot_ws/install/bumperbot_description/share/bumperbot_description/launch/old_gazebo_classic.launch.py
[1.022s] -- Up-to-date: /github/ros2odometry/bumperbot_ws/install/bumperbot_description/share/bumperbot_description/rviz
[1.022s] -- Up-to-date: /github/ros2odometry/bumperbot_ws/install/bumperbot_description/share/bumperbot_description/rviz/display.rviz
[1.022s] -- Up-to-date: /github/ros2odometry/bumperbot_ws/install/bumperbot_description/share/bumperbot_description/worlds
[1.023s] -- Up-to-date: /github/ros2odometry/bumperbot_ws/install/bumperbot_description/share/bumperbot_description/worlds/optimized.world
[1.034s] -- Up-to-date: /github/ros2odometry/bumperbot_ws/install/bumperbot_description/share/ament_index/resource_index/package_run_dependencies/bumperbot_description
[1.035s] -- Up-to-date: /github/ros2odometry/bumperbot_ws/install/bumperbot_description/share/ament_index/resource_index/parent_prefix_path/bumperbot_description
[1.036s] -- Up-to-date: /github/ros2odometry/bumperbot_ws/install/bumperbot_description/share/bumperbot_description/environment/ament_prefix_path.sh
[1.037s] -- Up-to-date: /github/ros2odometry/bumperbot_ws/install/bumperbot_description/share/bumperbot_description/environment/ament_prefix_path.dsv
[1.048s] -- Up-to-date: /github/ros2odometry/bumperbot_ws/install/bumperbot_description/share/bumperbot_description/environment/path.sh
[1.049s] -- Up-to-date: /github/ros2odometry/bumperbot_ws/install/bumperbot_description/share/bumperbot_description/environment/path.dsv
[1.049s] -- Up-to-date: /github/ros2odometry/bumperbot_ws/install/bumperbot_description/share/bumperbot_description/local_setup.bash
[1.050s] -- Up-to-date: /github/ros2odometry/bumperbot_ws/install/bumperbot_description/share/bumperbot_description/local_setup.sh
[1.051s] -- Up-to-date: /github/ros2odometry/bumperbot_ws/install/bumperbot_description/share/bumperbot_description/local_setup.zsh
[1.052s] -- Up-to-date: /github/ros2odometry/bumperbot_ws/install/bumperbot_description/share/bumperbot_description/local_setup.dsv
[1.053s] -- Installing: /github/ros2odometry/bumperbot_ws/install/bumperbot_description/share/bumperbot_description/package.dsv
[1.056s] -- Up-to-date: /github/ros2odometry/bumperbot_ws/install/bumperbot_description/share/ament_index/resource_index/packages/bumperbot_description
[1.057s] -- Up-to-date: /github/ros2odometry/bumperbot_ws/install/bumperbot_description/share/bumperbot_description/cmake/bumperbot_descriptionConfig.cmake
[1.059s] -- Up-to-date: /github/ros2odometry/bumperbot_ws/install/bumperbot_description/share/bumperbot_description/cmake/bumperbot_descriptionConfig-version.cmake
[1.060s] -- Up-to-date: /github/ros2odometry/bumperbot_ws/install/bumperbot_description/share/bumperbot_description/package.xml
[1.130s] Invoked command in '/github/ros2odometry/bumperbot_ws/build/bumperbot_description' returned '0': CMAKE_PREFIX_PATH=${CMAKE_PREFIX_PATH}:/github/ros2odometry/bumperbot_ws/install/bumperbot_py_examples:/opt/ros/humble /usr/bin/cmake --install /github/ros2odometry/bumperbot_ws/build/bumperbot_description
