[0.129s] Invoking command in '/github/ros2odometry/bumperbot_ws/build/bumperbot_description': CMAKE_PREFIX_PATH=${CMAKE_PREFIX_PATH}:/github/ros2odometry/bumperbot_ws/install/bumperbot_py_examples:/opt/ros/humble /usr/bin/cmake --build /github/ros2odometry/bumperbot_ws/build/bumperbot_description -- -j16 -l16
[0.277s] -- Found ament_cmake: 1.3.6 (/opt/ros/humble/share/ament_cmake/cmake)
[0.767s] -- Found ament_lint_auto: 0.12.9 (/opt/ros/humble/share/ament_lint_auto/cmake)
[0.940s] -- Added test 'flake8' to check Python code syntax and style conventions
[0.946s] -- Added test 'lint_cmake' to check CMake code style
[0.950s] -- Added test 'pep257' to check Python code against some of the docstring style conventions in PEP 257
[0.976s] -- Added test 'xmllint' to check XML markup files
[0.989s] -- Configuring done
[1.032s] -- Generating done
[1.042s] -- Build files have been written to: /github/ros2odometry/bumperbot_ws/build/bumperbot_description
[1.218s] Invoked command in '/github/ros2odometry/bumperbot_ws/build/bumperbot_description' returned '0': CMAKE_PREFIX_PATH=${CMAKE_PREFIX_PATH}:/github/ros2odometry/bumperbot_ws/install/bumperbot_py_examples:/opt/ros/humble /usr/bin/cmake --build /github/ros2odometry/bumperbot_ws/build/bumperbot_description -- -j16 -l16
[1.444s] Invoking command in '/github/ros2odometry/bumperbot_ws/build/bumperbot_description': CMAKE_PREFIX_PATH=${CMAKE_PREFIX_PATH}:/github/ros2odometry/bumperbot_ws/install/bumperbot_py_examples:/opt/ros/humble /usr/bin/cmake --install /github/ros2odometry/bumperbot_ws/build/bumperbot_description
[1.485s] -- Install configuration: ""
[1.486s] -- Up-to-date: /github/ros2odometry/bumperbot_ws/install/bumperbot_description/share/bumperbot_description/meshes
[1.487s] -- Up-to-date: /github/ros2odometry/bumperbot_ws/install/bumperbot_description/share/bumperbot_description/meshes/imu_link.STL
[1.487s] -- Up-to-date: /github/ros2odometry/bumperbot_ws/install/bumperbot_description/share/bumperbot_description/meshes/caster_rear_link.STL
[1.487s] -- Up-to-date: /github/ros2odometry/bumperbot_ws/install/bumperbot_description/share/bumperbot_description/meshes/wheel_left_link.STL
[1.488s] -- Up-to-date: /github/ros2odometry/bumperbot_ws/install/bumperbot_description/share/bumperbot_description/meshes/base_link.STL
[1.488s] -- Up-to-date: /github/ros2odometry/bumperbot_ws/install/bumperbot_description/share/bumperbot_description/meshes/wheel_right_link.STL
[1.489s] -- Up-to-date: /github/ros2odometry/bumperbot_ws/install/bumperbot_description/share/bumperbot_description/meshes/caster_front_link.STL
[1.489s] -- Up-to-date: /github/ros2odometry/bumperbot_ws/install/bumperbot_description/share/bumperbot_description/urdf
[1.490s] -- Up-to-date: /github/ros2odometry/bumperbot_ws/install/bumperbot_description/share/bumperbot_description/urdf/bumperbot.urdf.xacro
[1.490s] -- Installing: /github/ros2odometry/bumperbot_ws/install/bumperbot_description/share/bumperbot_description/launch
[1.491s] -- Installing: /github/ros2odometry/bumperbot_ws/install/bumperbot_description/share/bumperbot_description/launch/display.launch.py
[1.494s] -- Installing: /github/ros2odometry/bumperbot_ws/install/bumperbot_description/share/bumperbot_description/rviz
[1.495s] -- Installing: /github/ros2odometry/bumperbot_ws/install/bumperbot_description/share/bumperbot_description/rviz/display.rviz
[1.497s] -- Installing: /github/ros2odometry/bumperbot_ws/install/bumperbot_description/share/ament_index/resource_index/package_run_dependencies/bumperbot_description
[1.499s] -- Installing: /github/ros2odometry/bumperbot_ws/install/bumperbot_description/share/ament_index/resource_index/parent_prefix_path/bumperbot_description
[1.501s] -- Up-to-date: /github/ros2odometry/bumperbot_ws/install/bumperbot_description/share/bumperbot_description/environment/ament_prefix_path.sh
[1.501s] -- Installing: /github/ros2odometry/bumperbot_ws/install/bumperbot_description/share/bumperbot_description/environment/ament_prefix_path.dsv
[1.503s] -- Up-to-date: /github/ros2odometry/bumperbot_ws/install/bumperbot_description/share/bumperbot_description/environment/path.sh
[1.503s] -- Installing: /github/ros2odometry/bumperbot_ws/install/bumperbot_description/share/bumperbot_description/environment/path.dsv
[1.505s] -- Up-to-date: /github/ros2odometry/bumperbot_ws/install/bumperbot_description/share/bumperbot_description/local_setup.bash
[1.506s] -- Up-to-date: /github/ros2odometry/bumperbot_ws/install/bumperbot_description/share/bumperbot_description/local_setup.sh
[1.506s] -- Up-to-date: /github/ros2odometry/bumperbot_ws/install/bumperbot_description/share/bumperbot_description/local_setup.zsh
[1.506s] -- Installing: /github/ros2odometry/bumperbot_ws/install/bumperbot_description/share/bumperbot_description/local_setup.dsv
[1.508s] -- Installing: /github/ros2odometry/bumperbot_ws/install/bumperbot_description/share/bumperbot_description/package.dsv
[1.510s] -- Up-to-date: /github/ros2odometry/bumperbot_ws/install/bumperbot_description/share/ament_index/resource_index/packages/bumperbot_description
[1.510s] -- Up-to-date: /github/ros2odometry/bumperbot_ws/install/bumperbot_description/share/bumperbot_description/cmake/bumperbot_descriptionConfig.cmake
[1.511s] -- Up-to-date: /github/ros2odometry/bumperbot_ws/install/bumperbot_description/share/bumperbot_description/cmake/bumperbot_descriptionConfig-version.cmake
[1.511s] -- Installing: /github/ros2odometry/bumperbot_ws/install/bumperbot_description/share/bumperbot_description/package.xml
[1.518s] Invoked command in '/github/ros2odometry/bumperbot_ws/build/bumperbot_description' returned '0': CMAKE_PREFIX_PATH=${CMAKE_PREFIX_PATH}:/github/ros2odometry/bumperbot_ws/install/bumperbot_py_examples:/opt/ros/humble /usr/bin/cmake --install /github/ros2odometry/bumperbot_ws/build/bumperbot_description
