[0.225s] Invoking command in '/github/ros2odometry/bumperbot_ws/build/bumperbot_controller': CMAKE_PREFIX_PATH=${CMAKE_PREFIX_PATH}:/github/ros2odometry/bumperbot_ws/install/bumperbot_py_examples:/opt/ros/humble /usr/bin/cmake --build /github/ros2odometry/bumperbot_ws/build/bumperbot_controller -- -j16 -l16
[0.637s] Invoked command in '/github/ros2odometry/bumperbot_ws/build/bumperbot_controller' returned '0': CMAKE_PREFIX_PATH=${CMAKE_PREFIX_PATH}:/github/ros2odometry/bumperbot_ws/install/bumperbot_py_examples:/opt/ros/humble /usr/bin/cmake --build /github/ros2odometry/bumperbot_ws/build/bumperbot_controller -- -j16 -l16
[1.017s] Invoking command in '/github/ros2odometry/bumperbot_ws/build/bumperbot_controller': CMAKE_PREFIX_PATH=${CMAKE_PREFIX_PATH}:/github/ros2odometry/bumperbot_ws/install/bumperbot_py_examples:/opt/ros/humble /usr/bin/cmake --install /github/ros2odometry/bumperbot_ws/build/bumperbot_controller
[1.122s] -- Install configuration: ""
[1.129s] -- Up-to-date: /github/ros2odometry/bumperbot_ws/install/bumperbot_controller/share/bumperbot_controller/config
[1.129s] -- Up-to-date: /github/ros2odometry/bumperbot_ws/install/bumperbot_controller/share/bumperbot_controller/config/bumperbot_controllers.yaml
[1.134s] -- Up-to-date: /github/ros2odometry/bumperbot_ws/install/bumperbot_controller/share/ament_index/resource_index/package_run_dependencies/bumperbot_controller
[1.134s] -- Up-to-date: /github/ros2odometry/bumperbot_ws/install/bumperbot_controller/share/ament_index/resource_index/parent_prefix_path/bumperbot_controller
[1.135s] -- Up-to-date: /github/ros2odometry/bumperbot_ws/install/bumperbot_controller/share/bumperbot_controller/environment/ament_prefix_path.sh
[1.136s] -- Up-to-date: /github/ros2odometry/bumperbot_ws/install/bumperbot_controller/share/bumperbot_controller/environment/ament_prefix_path.dsv
[1.136s] -- Up-to-date: /github/ros2odometry/bumperbot_ws/install/bumperbot_controller/share/bumperbot_controller/environment/path.sh
[1.137s] -- Up-to-date: /github/ros2odometry/bumperbot_ws/install/bumperbot_controller/share/bumperbot_controller/environment/path.dsv
[1.137s] -- Up-to-date: /github/ros2odometry/bumperbot_ws/install/bumperbot_controller/share/bumperbot_controller/local_setup.bash
[1.138s] -- Up-to-date: /github/ros2odometry/bumperbot_ws/install/bumperbot_controller/share/bumperbot_controller/local_setup.sh
[1.138s] -- Up-to-date: /github/ros2odometry/bumperbot_ws/install/bumperbot_controller/share/bumperbot_controller/local_setup.zsh
[1.139s] -- Up-to-date: /github/ros2odometry/bumperbot_ws/install/bumperbot_controller/share/bumperbot_controller/local_setup.dsv
[1.139s] -- Installing: /github/ros2odometry/bumperbot_ws/install/bumperbot_controller/share/bumperbot_controller/package.dsv
[1.139s] -- Up-to-date: /github/ros2odometry/bumperbot_ws/install/bumperbot_controller/share/ament_index/resource_index/packages/bumperbot_controller
[1.140s] -- Up-to-date: /github/ros2odometry/bumperbot_ws/install/bumperbot_controller/share/bumperbot_controller/cmake/bumperbot_controllerConfig.cmake
[1.148s] -- Up-to-date: /github/ros2odometry/bumperbot_ws/install/bumperbot_controller/share/bumperbot_controller/cmake/bumperbot_controllerConfig-version.cmake
[1.148s] -- Up-to-date: /github/ros2odometry/bumperbot_ws/install/bumperbot_controller/share/bumperbot_controller/package.xml
[1.231s] Invoked command in '/github/ros2odometry/bumperbot_ws/build/bumperbot_controller' returned '0': CMAKE_PREFIX_PATH=${CMAKE_PREFIX_PATH}:/github/ros2odometry/bumperbot_ws/install/bumperbot_py_examples:/opt/ros/humble /usr/bin/cmake --install /github/ros2odometry/bumperbot_ws/build/bumperbot_controller
