[0.181s] Invoking command in '/github/ros2odometry/bumperbot_ws/build/bumperbot_description': CMAKE_PREFIX_PATH=${CMAKE_PREFIX_PATH}:/github/ros2odometry/bumperbot_ws/install/bumperbot_py_examples:/opt/ros/humble /usr/bin/cmake --build /github/ros2odometry/bumperbot_ws/build/bumperbot_description -- -j16 -l16
[0.448s] -- Found ament_cmake: 1.3.6 (/opt/ros/humble/share/ament_cmake/cmake)
[1.106s] -- Found ament_lint_auto: 0.12.9 (/opt/ros/humble/share/ament_lint_auto/cmake)
[1.382s] -- Added test 'flake8' to check Python code syntax and style conventions
[1.392s] -- Added test 'lint_cmake' to check CMake code style
[1.397s] -- Added test 'pep257' to check Python code against some of the docstring style conventions in PEP 257
[1.441s] -- Added test 'xmllint' to check XML markup files
[1.449s] -- Configuring done
[1.505s] -- Generating done
[1.519s] -- Build files have been written to: /github/ros2odometry/bumperbot_ws/build/bumperbot_description
[1.735s] Invoked command in '/github/ros2odometry/bumperbot_ws/build/bumperbot_description' returned '0': CMAKE_PREFIX_PATH=${CMAKE_PREFIX_PATH}:/github/ros2odometry/bumperbot_ws/install/bumperbot_py_examples:/opt/ros/humble /usr/bin/cmake --build /github/ros2odometry/bumperbot_ws/build/bumperbot_description -- -j16 -l16
[2.128s] Invoking command in '/github/ros2odometry/bumperbot_ws/build/bumperbot_description': CMAKE_PREFIX_PATH=${CMAKE_PREFIX_PATH}:/github/ros2odometry/bumperbot_ws/install/bumperbot_py_examples:/opt/ros/humble /usr/bin/cmake --install /github/ros2odometry/bumperbot_ws/build/bumperbot_description
[2.200s] -- Install configuration: ""
[2.201s] -- Up-to-date: /github/ros2odometry/bumperbot_ws/install/bumperbot_description/share/bumperbot_description/meshes
[2.203s] -- Up-to-date: /github/ros2odometry/bumperbot_ws/install/bumperbot_description/share/bumperbot_description/meshes/imu_link.STL
[2.203s] -- Up-to-date: /github/ros2odometry/bumperbot_ws/install/bumperbot_description/share/bumperbot_description/meshes/caster_rear_link.STL
[2.204s] -- Up-to-date: /github/ros2odometry/bumperbot_ws/install/bumperbot_description/share/bumperbot_description/meshes/wheel_left_link.STL
[2.204s] -- Up-to-date: /github/ros2odometry/bumperbot_ws/install/bumperbot_description/share/bumperbot_description/meshes/base_link.STL
[2.205s] -- Up-to-date: /github/ros2odometry/bumperbot_ws/install/bumperbot_description/share/bumperbot_description/meshes/wheel_right_link.STL
[2.205s] -- Up-to-date: /github/ros2odometry/bumperbot_ws/install/bumperbot_description/share/bumperbot_description/meshes/caster_front_link.STL
[2.206s] -- Up-to-date: /github/ros2odometry/bumperbot_ws/install/bumperbot_description/share/bumperbot_description/urdf
[2.207s] -- Up-to-date: /github/ros2odometry/bumperbot_ws/install/bumperbot_description/share/bumperbot_description/urdf/bumperbot_gazebo.xacro
[2.207s] -- Up-to-date: /github/ros2odometry/bumperbot_ws/install/bumperbot_description/share/bumperbot_description/urdf/bumperbot.urdf.xacro
[2.208s] -- Up-to-date: /github/ros2odometry/bumperbot_ws/install/bumperbot_description/share/bumperbot_description/launch
[2.209s] -- Up-to-date: /github/ros2odometry/bumperbot_ws/install/bumperbot_description/share/bumperbot_description/launch/display.launch.py
[2.211s] -- Up-to-date: /github/ros2odometry/bumperbot_ws/install/bumperbot_description/share/bumperbot_description/launch/gazebo.launch.py
[2.211s] -- Installing: /github/ros2odometry/bumperbot_ws/install/bumperbot_description/share/bumperbot_description/launch/gazebo_classic.launch.py
[2.217s] -- Installing: /github/ros2odometry/bumperbot_ws/install/bumperbot_description/share/bumperbot_description/launch/old_gazebo_classic.launch.py
[2.219s] -- Up-to-date: /github/ros2odometry/bumperbot_ws/install/bumperbot_description/share/bumperbot_description/rviz
[2.220s] -- Up-to-date: /github/ros2odometry/bumperbot_ws/install/bumperbot_description/share/bumperbot_description/rviz/display.rviz
[2.220s] -- Installing: /github/ros2odometry/bumperbot_ws/install/bumperbot_description/share/bumperbot_description/worlds
[2.222s] -- Installing: /github/ros2odometry/bumperbot_ws/install/bumperbot_description/share/bumperbot_description/worlds/optimized.world
[2.224s] -- Up-to-date: /github/ros2odometry/bumperbot_ws/install/bumperbot_description/share/ament_index/resource_index/package_run_dependencies/bumperbot_description
[2.225s] -- Up-to-date: /github/ros2odometry/bumperbot_ws/install/bumperbot_description/share/ament_index/resource_index/parent_prefix_path/bumperbot_description
[2.226s] -- Up-to-date: /github/ros2odometry/bumperbot_ws/install/bumperbot_description/share/bumperbot_description/environment/ament_prefix_path.sh
[2.227s] -- Installing: /github/ros2odometry/bumperbot_ws/install/bumperbot_description/share/bumperbot_description/environment/ament_prefix_path.dsv
[2.229s] -- Up-to-date: /github/ros2odometry/bumperbot_ws/install/bumperbot_description/share/bumperbot_description/environment/path.sh
[2.229s] -- Installing: /github/ros2odometry/bumperbot_ws/install/bumperbot_description/share/bumperbot_description/environment/path.dsv
[2.232s] -- Up-to-date: /github/ros2odometry/bumperbot_ws/install/bumperbot_description/share/bumperbot_description/local_setup.bash
[2.233s] -- Up-to-date: /github/ros2odometry/bumperbot_ws/install/bumperbot_description/share/bumperbot_description/local_setup.sh
[2.233s] -- Up-to-date: /github/ros2odometry/bumperbot_ws/install/bumperbot_description/share/bumperbot_description/local_setup.zsh
[2.234s] -- Installing: /github/ros2odometry/bumperbot_ws/install/bumperbot_description/share/bumperbot_description/local_setup.dsv
[2.239s] -- Installing: /github/ros2odometry/bumperbot_ws/install/bumperbot_description/share/bumperbot_description/package.dsv
[2.242s] -- Up-to-date: /github/ros2odometry/bumperbot_ws/install/bumperbot_description/share/ament_index/resource_index/packages/bumperbot_description
[2.243s] -- Up-to-date: /github/ros2odometry/bumperbot_ws/install/bumperbot_description/share/bumperbot_description/cmake/bumperbot_descriptionConfig.cmake
[2.245s] -- Up-to-date: /github/ros2odometry/bumperbot_ws/install/bumperbot_description/share/bumperbot_description/cmake/bumperbot_descriptionConfig-version.cmake
[2.246s] -- Up-to-date: /github/ros2odometry/bumperbot_ws/install/bumperbot_description/share/bumperbot_description/package.xml
[2.253s] Invoked command in '/github/ros2odometry/bumperbot_ws/build/bumperbot_description' returned '0': CMAKE_PREFIX_PATH=${CMAKE_PREFIX_PATH}:/github/ros2odometry/bumperbot_ws/install/bumperbot_py_examples:/opt/ros/humble /usr/bin/cmake --install /github/ros2odometry/bumperbot_ws/build/bumperbot_description
