[0.131s] Invoking command in '/github/ros2odometry/bumperbot_ws/build/bumperbot_description': CMAKE_PREFIX_PATH=${CMAKE_PREFIX_PATH}:/github/ros2odometry/bumperbot_ws/install/bumperbot_py_examples:/opt/ros/humble /usr/bin/cmake --build /github/ros2odometry/bumperbot_ws/build/bumperbot_description -- -j16 -l16
[0.452s] Invoked command in '/github/ros2odometry/bumperbot_ws/build/bumperbot_description' returned '0': CMAKE_PREFIX_PATH=${CMAKE_PREFIX_PATH}:/github/ros2odometry/bumperbot_ws/install/bumperbot_py_examples:/opt/ros/humble /usr/bin/cmake --build /github/ros2odometry/bumperbot_ws/build/bumperbot_description -- -j16 -l16
[0.749s] Invoking command in '/github/ros2odometry/bumperbot_ws/build/bumperbot_description': CMAKE_PREFIX_PATH=${CMAKE_PREFIX_PATH}:/github/ros2odometry/bumperbot_ws/install/bumperbot_py_examples:/opt/ros/humble /usr/bin/cmake --install /github/ros2odometry/bumperbot_ws/build/bumperbot_description
[0.792s] -- Install configuration: ""
[0.794s] -- Up-to-date: /github/ros2odometry/bumperbot_ws/install/bumperbot_description/share/bumperbot_description/meshes
[0.796s] -- Up-to-date: /github/ros2odometry/bumperbot_ws/install/bumperbot_description/share/bumperbot_description/meshes/imu_link.STL
[0.796s] -- Up-to-date: /github/ros2odometry/bumperbot_ws/install/bumperbot_description/share/bumperbot_description/meshes/caster_rear_link.STL
[0.797s] -- Up-to-date: /github/ros2odometry/bumperbot_ws/install/bumperbot_description/share/bumperbot_description/meshes/wheel_left_link.STL
[0.798s] -- Up-to-date: /github/ros2odometry/bumperbot_ws/install/bumperbot_description/share/bumperbot_description/meshes/base_link.STL
[0.798s] -- Up-to-date: /github/ros2odometry/bumperbot_ws/install/bumperbot_description/share/bumperbot_description/meshes/wheel_right_link.STL
[0.799s] -- Up-to-date: /github/ros2odometry/bumperbot_ws/install/bumperbot_description/share/bumperbot_description/meshes/caster_front_link.STL
[0.800s] -- Up-to-date: /github/ros2odometry/bumperbot_ws/install/bumperbot_description/share/bumperbot_description/urdf
[0.801s] -- Installing: /github/ros2odometry/bumperbot_ws/install/bumperbot_description/share/bumperbot_description/urdf/bumperbot_gazebo.xacro
[0.802s] -- Installing: /github/ros2odometry/bumperbot_ws/install/bumperbot_description/share/bumperbot_description/urdf/bumperbot.urdf.xacro
[0.804s] -- Up-to-date: /github/ros2odometry/bumperbot_ws/install/bumperbot_description/share/bumperbot_description/launch
[0.805s] -- Up-to-date: /github/ros2odometry/bumperbot_ws/install/bumperbot_description/share/bumperbot_description/launch/display.launch.py
[0.805s] -- Installing: /github/ros2odometry/bumperbot_ws/install/bumperbot_description/share/bumperbot_description/launch/gazebo.launch.py
[0.809s] -- Up-to-date: /github/ros2odometry/bumperbot_ws/install/bumperbot_description/share/bumperbot_description/rviz
[0.809s] -- Up-to-date: /github/ros2odometry/bumperbot_ws/install/bumperbot_description/share/bumperbot_description/rviz/display.rviz
[0.814s] -- Up-to-date: /github/ros2odometry/bumperbot_ws/install/bumperbot_description/share/ament_index/resource_index/package_run_dependencies/bumperbot_description
[0.814s] -- Up-to-date: /github/ros2odometry/bumperbot_ws/install/bumperbot_description/share/ament_index/resource_index/parent_prefix_path/bumperbot_description
[0.815s] -- Up-to-date: /github/ros2odometry/bumperbot_ws/install/bumperbot_description/share/bumperbot_description/environment/ament_prefix_path.sh
[0.816s] -- Up-to-date: /github/ros2odometry/bumperbot_ws/install/bumperbot_description/share/bumperbot_description/environment/ament_prefix_path.dsv
[0.817s] -- Up-to-date: /github/ros2odometry/bumperbot_ws/install/bumperbot_description/share/bumperbot_description/environment/path.sh
[0.823s] -- Up-to-date: /github/ros2odometry/bumperbot_ws/install/bumperbot_description/share/bumperbot_description/environment/path.dsv
[0.824s] -- Up-to-date: /github/ros2odometry/bumperbot_ws/install/bumperbot_description/share/bumperbot_description/local_setup.bash
[0.825s] -- Up-to-date: /github/ros2odometry/bumperbot_ws/install/bumperbot_description/share/bumperbot_description/local_setup.sh
[0.825s] -- Up-to-date: /github/ros2odometry/bumperbot_ws/install/bumperbot_description/share/bumperbot_description/local_setup.zsh
[0.826s] -- Up-to-date: /github/ros2odometry/bumperbot_ws/install/bumperbot_description/share/bumperbot_description/local_setup.dsv
[0.827s] -- Up-to-date: /github/ros2odometry/bumperbot_ws/install/bumperbot_description/share/bumperbot_description/package.dsv
[0.827s] -- Up-to-date: /github/ros2odometry/bumperbot_ws/install/bumperbot_description/share/ament_index/resource_index/packages/bumperbot_description
[0.828s] -- Up-to-date: /github/ros2odometry/bumperbot_ws/install/bumperbot_description/share/bumperbot_description/cmake/bumperbot_descriptionConfig.cmake
[0.829s] -- Up-to-date: /github/ros2odometry/bumperbot_ws/install/bumperbot_description/share/bumperbot_description/cmake/bumperbot_descriptionConfig-version.cmake
[0.829s] -- Up-to-date: /github/ros2odometry/bumperbot_ws/install/bumperbot_description/share/bumperbot_description/package.xml
[0.885s] Invoked command in '/github/ros2odometry/bumperbot_ws/build/bumperbot_description' returned '0': CMAKE_PREFIX_PATH=${CMAKE_PREFIX_PATH}:/github/ros2odometry/bumperbot_ws/install/bumperbot_py_examples:/opt/ros/humble /usr/bin/cmake --install /github/ros2odometry/bumperbot_ws/build/bumperbot_description
