[0.937s] Invoking command in '/github/ros2odometry/bumperbot_ws/src/bumperbot_py_examples': PYTHONPATH=/github/ros2odometry/bumperbot_ws/build/bumperbot_py_examples/prefix_override:/github/ros2odometry/bumperbot_ws/install/bumperbot_py_examples/lib/python3.10/site-packages:${PYTHONPATH} /usr/bin/python3 setup.py egg_info --egg-base ../../build/bumperbot_py_examples build --build-base /github/ros2odometry/bumperbot_ws/build/bumperbot_py_examples/build install --record /github/ros2odometry/bumperbot_ws/build/bumperbot_py_examples/install.log --single-version-externally-managed
[1.221s] running egg_info
[1.222s] writing ../../build/bumperbot_py_examples/bumperbot_py_examples.egg-info/PKG-INFO
[1.223s] writing dependency_links to ../../build/bumperbot_py_examples/bumperbot_py_examples.egg-info/dependency_links.txt
[1.224s] writing entry points to ../../build/bumperbot_py_examples/bumperbot_py_examples.egg-info/entry_points.txt
[1.224s] writing requirements to ../../build/bumperbot_py_examples/bumperbot_py_examples.egg-info/requires.txt
[1.225s] writing top-level names to ../../build/bumperbot_py_examples/bumperbot_py_examples.egg-info/top_level.txt
[1.236s] reading manifest file '../../build/bumperbot_py_examples/bumperbot_py_examples.egg-info/SOURCES.txt'
[1.241s] writing manifest file '../../build/bumperbot_py_examples/bumperbot_py_examples.egg-info/SOURCES.txt'
[1.242s] running build
[1.244s] running build_py
[1.246s] running install
[1.246s] /usr/lib/python3/dist-packages/setuptools/command/install.py:34: SetuptoolsDeprecationWarning: setup.py install is deprecated. Use build and pip and other standards-based tools.
[1.247s]   warnings.warn(
[1.249s] running install_lib
[1.253s] running install_data
[1.259s] running install_egg_info
[1.260s] removing '/github/ros2odometry/bumperbot_ws/install/bumperbot_py_examples/lib/python3.10/site-packages/bumperbot_py_examples-0.0.0-py3.10.egg-info' (and everything under it)
[1.260s] Copying ../../build/bumperbot_py_examples/bumperbot_py_examples.egg-info to /github/ros2odometry/bumperbot_ws/install/bumperbot_py_examples/lib/python3.10/site-packages/bumperbot_py_examples-0.0.0-py3.10.egg-info
[1.262s] running install_scripts
[1.283s] Installing simple_parameter script to /github/ros2odometry/bumperbot_ws/install/bumperbot_py_examples/lib/bumperbot_py_examples
[1.285s] Installing simple_publisher script to /github/ros2odometry/bumperbot_ws/install/bumperbot_py_examples/lib/bumperbot_py_examples
[1.286s] Installing simple_subscriber script to /github/ros2odometry/bumperbot_ws/install/bumperbot_py_examples/lib/bumperbot_py_examples
[1.288s] writing list of installed files to '/github/ros2odometry/bumperbot_ws/build/bumperbot_py_examples/install.log'
[1.306s] Invoked command in '/github/ros2odometry/bumperbot_ws/src/bumperbot_py_examples' returned '0': PYTHONPATH=/github/ros2odometry/bumperbot_ws/build/bumperbot_py_examples/prefix_override:/github/ros2odometry/bumperbot_ws/install/bumperbot_py_examples/lib/python3.10/site-packages:${PYTHONPATH} /usr/bin/python3 setup.py egg_info --egg-base ../../build/bumperbot_py_examples build --build-base /github/ros2odometry/bumperbot_ws/build/bumperbot_py_examples/build install --record /github/ros2odometry/bumperbot_ws/build/bumperbot_py_examples/install.log --single-version-externally-managed
